
 Start         Length     Name                   Class
 0001:00401000 0000628ECH _TEXT                  CODE
 0002:00464000 00001A1B4H _DATA                  DATA
 0003:0047E1B4 00000D00CH _BSS                   BSS
 0004:00000000 00000009CH _TLS                   TLS


Detailed map of segments
 0001:00000000 0000014F C=CODE    S=_TEXT    G=(none)   M=C:\BORLAND\BCC55\LIB\C0X32.OBJ ACBP=A9
 0001:00000150 0000007F C=CODE    S=_TEXT    G=(none)   M=D:\DEV\SOURCE\PDV3\OBJ\GRAVADOR.OBJ ACBP=A9
 0001:000001D0 000001F9 C=CODE    S=_TEXT    G=(none)   M=D:\DEV\SOURCE\PDV3\OBJ\SWGRAVA.OBJ ACBP=A9
 0001:000003CC 00008BD5 C=CODE    S=_TEXT    G=(none)   M=C:\XHARBOUR\LIB\OPTCON.LIB|hvm ACBP=A9
 0001:00008FA4 00003F9E C=CODE    S=_TEXT    G=(none)   M=C:\XHARBOUR\LIB\OPTCON.LIB|classes ACBP=A9
 0001:0000CF44 00000385 C=CODE    S=_TEXT    G=(none)   M=C:\XHARBOUR\LIB\OPTCON.LIB|fm ACBP=A9
 0001:0000D2CC 000002D9 C=CODE    S=_TEXT    G=(none)   M=C:\BORLAND\BCC55\LIB\BCC640.LIB|handles ACBP=A9
 0001:0000D5A8 00000010 C=CODE    S=_TEXT    G=(none)   M=C:\XHARBOUR\LIB\LANG.LIB|msgen ACBP=A9
 0001:0000D5B8 00001C78 C=CODE    S=_TEXT    G=(none)   M=C:\XHARBOUR\LIB\VM.LIB|arrays ACBP=A9
 0001:0000F230 00002DD0 C=CODE    S=_TEXT    G=(none)   M=C:\XHARBOUR\LIB\VM.LIB|arrayshb ACBP=A9
 0001:00012000 000007B4 C=CODE    S=_TEXT    G=(none)   M=C:\XHARBOUR\LIB\VM.LIB|asort ACBP=A9
 0001:000127B4 00000017 C=CODE    S=_TEXT    G=(none)   M=C:\XHARBOUR\LIB\VM.LIB|break ACBP=A9
 0001:000127CC 0000047A C=CODE    S=_TEXT    G=(none)   M=C:\XHARBOUR\LIB\VM.LIB|cmdarg ACBP=A9
 0001:00012C48 00000461 C=CODE    S=_TEXT    G=(none)   M=C:\XHARBOUR\LIB\VM.LIB|codebloc ACBP=A9
 0001:000130AC 00000697 C=CODE    S=_TEXT    G=(none)   M=C:\XHARBOUR\LIB\VM.LIB|dynsym ACBP=A9
 0001:00013744 00001415 C=CODE    S=_TEXT    G=(none)   M=C:\XHARBOUR\LIB\VM.LIB|errorapi ACBP=A9
 0001:00014B5C 000006DA C=CODE    S=_TEXT    G=(none)   M=C:\XHARBOUR\LIB\VM.LIB|estack ACBP=A9
 0001:00015238 00000B3B C=CODE    S=_TEXT    G=(none)   M=C:\XHARBOUR\LIB\VM.LIB|eval ACBP=A9
 0001:00015D74 0000166C C=CODE    S=_TEXT    G=(none)   M=C:\XHARBOUR\LIB\VM.LIB|extend ACBP=A9
 0001:000173E0 00000638 C=CODE    S=_TEXT    G=(none)   M=C:\XHARBOUR\LIB\VM.LIB|garbage ACBP=A9
 0001:00017A18 00000FF1 C=CODE    S=_TEXT    G=(none)   M=C:\XHARBOUR\LIB\VM.LIB|hbi18n ACBP=A9
 0001:00018A0C 00000006 C=CODE    S=_TEXT    G=(none)   M=C:\XHARBOUR\LIB\VM.LIB|initexit ACBP=A9
 0001:00018A14 000016E8 C=CODE    S=_TEXT    G=(none)   M=C:\XHARBOUR\LIB\VM.LIB|itemapi ACBP=A9
 0001:0001A0FC 00000C8B C=CODE    S=_TEXT    G=(none)   M=C:\XHARBOUR\LIB\VM.LIB|fastitem ACBP=A9
 0001:0001AD88 000016F7 C=CODE    S=_TEXT    G=(none)   M=C:\XHARBOUR\LIB\VM.LIB|macro ACBP=A9
 0001:0001C480 00000024 C=CODE    S=_TEXT    G=(none)   M=C:\XHARBOUR\LIB\VM.LIB|mainstd ACBP=A9
 0001:0001C4A4 00001E29 C=CODE    S=_TEXT    G=(none)   M=C:\XHARBOUR\LIB\VM.LIB|memvars ACBP=A9
 0001:0001E2D0 00000039 C=CODE    S=_TEXT    G=(none)   M=C:\XHARBOUR\LIB\VM.LIB|pcount ACBP=A9
 0001:0001E30C 000004B1 C=CODE    S=_TEXT    G=(none)   M=C:\XHARBOUR\LIB\VM.LIB|proc ACBP=A9
 0001:0001E7C0 0000008D C=CODE    S=_TEXT    G=(none)   M=C:\XHARBOUR\LIB\VM.LIB|harbinit ACBP=A9
 0001:0001E850 000000FA C=CODE    S=_TEXT    G=(none)   M=C:\XHARBOUR\LIB\RTL.LIB|at ACBP=A9
 0001:0001E94C 0000016A C=CODE    S=_TEXT    G=(none)   M=C:\XHARBOUR\LIB\RTL.LIB|box ACBP=A9
 0001:0001EAB8 000009E4 C=CODE    S=_TEXT    G=(none)   M=C:\XHARBOUR\LIB\RTL.LIB|cdpapi ACBP=A9
 0001:0001F49C 000000C7 C=CODE    S=_TEXT    G=(none)   M=C:\XHARBOUR\LIB\RTL.LIB|chrasc ACBP=A9
 0001:0001F564 00000A2D C=CODE    S=_TEXT    G=(none)   M=C:\XHARBOUR\LIB\RTL.LIB|console ACBP=A9
 0001:0001FF94 000007CB C=CODE    S=_TEXT    G=(none)   M=C:\XHARBOUR\LIB\RTL.LIB|dates ACBP=A9
 0001:00020760 00000627 C=CODE    S=_TEXT    G=(none)   M=C:\XHARBOUR\LIB\RTL.LIB|dateshb ACBP=A9
 0001:00020D88 0000003E C=CODE    S=_TEXT    G=(none)   M=C:\XHARBOUR\LIB\RTL.LIB|datesx ACBP=A9
 0001:00020DC8 00000220 C=CODE    S=_TEXT    G=(none)   M=C:\XHARBOUR\LIB\RTL.LIB|empty ACBP=A9
 0001:00020FE8 0000005B C=CODE    S=_TEXT    G=(none)   M=C:\XHARBOUR\LIB\RTL.LIB|file ACBP=A9
 0001:00021044 0000004E C=CODE    S=_TEXT    G=(none)   M=C:\XHARBOUR\LIB\RTL.LIB|filehb ACBP=A9
 0001:00021094 00000EC8 C=CODE    S=_TEXT    G=(none)   M=C:\XHARBOUR\LIB\RTL.LIB|filesys ACBP=A9
 0001:00021F5C 000000DE C=CODE    S=_TEXT    G=(none)   M=C:\XHARBOUR\LIB\RTL.LIB|fstemp ACBP=A9
 0001:0002203C 0000003C C=CODE    S=_TEXT    G=(none)   M=C:\XHARBOUR\LIB\RTL.LIB|gt ACBP=A9
 0001:00022078 000012A9 C=CODE    S=_TEXT    G=(none)   M=C:\XHARBOUR\LIB\RTL.LIB|gtapi ACBP=A9
 0001:00023324 00000824 C=CODE    S=_TEXT    G=(none)   M=C:\XHARBOUR\LIB\RTL.LIB|hbffind ACBP=A9
 0001:00023B48 000002E4 C=CODE    S=_TEXT    G=(none)   M=C:\XHARBOUR\LIB\RTL.LIB|idle ACBP=A9
 0001:00023E2C 00001CFF C=CODE    S=_TEXT    G=(none)   M=C:\XHARBOUR\LIB\RTL.LIB|inkey ACBP=A9
 0001:00025B2C 00000286 C=CODE    S=_TEXT    G=(none)   M=C:\XHARBOUR\LIB\RTL.LIB|langapi ACBP=A9
 0001:00025DB4 000000BD C=CODE    S=_TEXT    G=(none)   M=C:\XHARBOUR\LIB\RTL.LIB|left ACBP=A9
 0001:00025E74 0000007E C=CODE    S=_TEXT    G=(none)   M=C:\XHARBOUR\LIB\RTL.LIB|len ACBP=A9
 0001:00025EF4 000009D8 C=CODE    S=_TEXT    G=(none)   M=C:\XHARBOUR\LIB\RTL.LIB|math ACBP=A9
 0001:000268CC 0000002F C=CODE    S=_TEXT    G=(none)   M=C:\XHARBOUR\LIB\RTL.LIB|maxrow ACBP=A9
 0001:000268FC 0000019D C=CODE    S=_TEXT    G=(none)   M=C:\XHARBOUR\LIB\RTL.LIB|memofile ACBP=A9
 0001:00026A9C 00000526 C=CODE    S=_TEXT    G=(none)   M=C:\XHARBOUR\LIB\RTL.LIB|minmax ACBP=A9
 0001:00026FC4 000003F5 C=CODE    S=_TEXT    G=(none)   M=C:\XHARBOUR\LIB\RTL.LIB|mouseapi ACBP=A9
 0001:000273BC 00000120 C=CODE    S=_TEXT    G=(none)   M=C:\XHARBOUR\LIB\RTL.LIB|padc ACBP=A9
 0001:000274DC 000000E5 C=CODE    S=_TEXT    G=(none)   M=C:\XHARBOUR\LIB\RTL.LIB|padr ACBP=A9
 0001:000275C4 00000AB4 C=CODE    S=_TEXT    G=(none)   M=C:\XHARBOUR\LIB\RTL.LIB|philes ACBP=A9
 0001:00028078 00005A5E C=CODE    S=_TEXT    G=(none)   M=C:\XHARBOUR\LIB\RTL.LIB|regex ACBP=A9
 0001:0002DAD8 00000140 C=CODE    S=_TEXT    G=(none)   M=C:\XHARBOUR\LIB\RTL.LIB|replic ACBP=A9
 0001:0002DC18 0000029C C=CODE    S=_TEXT    G=(none)   M=C:\XHARBOUR\LIB\RTL.LIB|round ACBP=A9
 0001:0002DEB4 00000123 C=CODE    S=_TEXT    G=(none)   M=C:\XHARBOUR\LIB\RTL.LIB|saverest ACBP=A9
 0001:0002DFD8 0000012C C=CODE    S=_TEXT    G=(none)   M=C:\XHARBOUR\LIB\RTL.LIB|seconds ACBP=A9
 0001:0002E104 0000281A C=CODE    S=_TEXT    G=(none)   M=C:\XHARBOUR\LIB\RTL.LIB|set ACBP=A9
 0001:00030920 00000110 C=CODE    S=_TEXT    G=(none)   M=C:\XHARBOUR\LIB\RTL.LIB|setcolor ACBP=A9
 0001:00030A30 00000063 C=CODE    S=_TEXT    G=(none)   M=C:\XHARBOUR\LIB\RTL.LIB|setcurs ACBP=A9
 0001:00030A94 0000060A C=CODE    S=_TEXT    G=(none)   M=C:\XHARBOUR\LIB\RTL.LIB|setkey ACBP=A9
 0001:000310A0 0000008C C=CODE    S=_TEXT    G=(none)   M=C:\XHARBOUR\LIB\RTL.LIB|setpos ACBP=A9
 0001:0003112C 00000085 C=CODE    S=_TEXT    G=(none)   M=C:\XHARBOUR\LIB\RTL.LIB|space ACBP=A9
 0001:000311B4 000001F8 C=CODE    S=_TEXT    G=(none)   M=C:\XHARBOUR\LIB\RTL.LIB|spfiles ACBP=A9
 0001:000313AC 00000203 C=CODE    S=_TEXT    G=(none)   M=C:\XHARBOUR\LIB\RTL.LIB|str ACBP=A9
 0001:000315B0 0000036F C=CODE    S=_TEXT    G=(none)   M=C:\XHARBOUR\LIB\RTL.LIB|strcase ACBP=A9
 0001:00031920 000000E4 C=CODE    S=_TEXT    G=(none)   M=C:\XHARBOUR\LIB\RTL.LIB|strings ACBP=A9
 0001:00031A04 0000010D C=CODE    S=_TEXT    G=(none)   M=C:\XHARBOUR\LIB\RTL.LIB|strmatch ACBP=A9
 0001:00031B14 00000327 C=CODE    S=_TEXT    G=(none)   M=C:\XHARBOUR\LIB\RTL.LIB|strtran ACBP=A9
 0001:00031E3C 000001D8 C=CODE    S=_TEXT    G=(none)   M=C:\XHARBOUR\LIB\RTL.LIB|strzero ACBP=A9
 0001:00032014 0000018B C=CODE    S=_TEXT    G=(none)   M=C:\XHARBOUR\LIB\RTL.LIB|substr ACBP=A9
 0001:000321A0 000009CF C=CODE    S=_TEXT    G=(none)   M=C:\XHARBOUR\LIB\RTL.LIB|tprinter ACBP=A9
 0001:00032B70 00000140 C=CODE    S=_TEXT    G=(none)   M=C:\XHARBOUR\LIB\RTL.LIB|trace ACBP=A9
 0001:00032CB0 00001304 C=CODE    S=_TEXT    G=(none)   M=C:\XHARBOUR\LIB\RTL.LIB|transfrm ACBP=A9
 0001:00033FB4 00000206 C=CODE    S=_TEXT    G=(none)   M=C:\XHARBOUR\LIB\RTL.LIB|trim ACBP=A9
 0001:000341BC 0000006D C=CODE    S=_TEXT    G=(none)   M=C:\XHARBOUR\LIB\RTL.LIB|type ACBP=A9
 0001:0003422C 0000019C C=CODE    S=_TEXT    G=(none)   M=C:\XHARBOUR\LIB\RTL.LIB|val ACBP=A9
 0001:000343C8 000002B4 C=CODE    S=_TEXT    G=(none)   M=C:\XHARBOUR\LIB\RTL.LIB|valtype ACBP=A9
 0001:0003467C 00000080 C=CODE    S=_TEXT    G=(none)   M=C:\XHARBOUR\LIB\RTL.LIB|xhelp ACBP=A9
 0001:000346FC 000000DE C=CODE    S=_TEXT    G=(none)   M=C:\XHARBOUR\LIB\RTL.LIB|xsavescr ACBP=A9
 0001:000347DC 0000005D C=CODE    S=_TEXT    G=(none)   M=C:\XHARBOUR\LIB\RTL.LIB|alert ACBP=A9
 0001:0003483C 00000075 C=CODE    S=_TEXT    G=(none)   M=C:\XHARBOUR\LIB\RTL.LIB|cstr ACBP=A9
 0001:000348B4 000000BD C=CODE    S=_TEXT    G=(none)   M=C:\XHARBOUR\LIB\RTL.LIB|errorsys ACBP=A9
 0001:00034974 000001DD C=CODE    S=_TEXT    G=(none)   M=C:\XHARBOUR\LIB\RTL.LIB|objfunc ACBP=A9
 0001:00034B54 000001DD C=CODE    S=_TEXT    G=(none)   M=C:\XHARBOUR\LIB\RTL.LIB|tclass ACBP=A9
 0001:00034D34 00000075 C=CODE    S=_TEXT    G=(none)   M=C:\XHARBOUR\LIB\RTL.LIB|terror ACBP=A9
 0001:00034DAC 000000D5 C=CODE    S=_TEXT    G=(none)   M=C:\XHARBOUR\LIB\RTL.LIB|tobject ACBP=A9
 0001:00034E84 0000002D C=CODE    S=_TEXT    G=(none)   M=C:\XHARBOUR\LIB\RTL.LIB|traceprg ACBP=A9
 0001:00034EB4 0000654C C=CODE    S=_TEXT    G=(none)   M=C:\XHARBOUR\LIB\RDD.LIB|dbcmd ACBP=A9
 0001:0003B400 00000EF0 C=CODE    S=_TEXT    G=(none)   M=C:\XHARBOUR\LIB\RDD.LIB|workarea ACBP=A9
 0001:0003C2F0 000033AB C=CODE    S=_TEXT    G=(none)   M=C:\XHARBOUR\LIB\RDD.LIB|dbf1 ACBP=A9
 0001:0003F69C 00000087 C=CODE    S=_TEXT    G=(none)   M=C:\XHARBOUR\LIB\RDD.LIB|delim1 ACBP=A9
 0001:0003F724 00000087 C=CODE    S=_TEXT    G=(none)   M=C:\XHARBOUR\LIB\RDD.LIB|sdf1 ACBP=A9
 0001:0003F7AC 00000045 C=CODE    S=_TEXT    G=(none)   M=C:\XHARBOUR\LIB\RDD.LIB|dbf0 ACBP=A9
 0001:0003F7F4 0000014D C=CODE    S=_TEXT    G=(none)   M=C:\XHARBOUR\LIB\RDD.LIB|dbfuncs ACBP=A9
 0001:0003F944 00000671 C=CODE    S=_TEXT    G=(none)   M=C:\XHARBOUR\LIB\RDD.LIB|hbdbsort ACBP=A9
 0001:0003FFB8 00000045 C=CODE    S=_TEXT    G=(none)   M=C:\XHARBOUR\LIB\RDD.LIB|delim0 ACBP=A9
 0001:00040000 00000105 C=CODE    S=_TEXT    G=(none)   M=C:\XHARBOUR\LIB\RDD.LIB|rddord ACBP=A9
 0001:00040108 00000045 C=CODE    S=_TEXT    G=(none)   M=C:\XHARBOUR\LIB\RDD.LIB|rddsys ACBP=A9
 0001:00040150 00000045 C=CODE    S=_TEXT    G=(none)   M=C:\XHARBOUR\LIB\RDD.LIB|sdf0 ACBP=A9
 0001:00040198 000036A9 C=CODE    S=_TEXT    G=(none)   M=C:\XHARBOUR\LIB\MACRO.LIB|macroy ACBP=A9
 0001:00043844 0000030D C=CODE    S=_TEXT    G=(none)   M=C:\XHARBOUR\LIB\MACRO.LIB|macroa ACBP=A9
 0001:00043B54 00004F51 C=CODE    S=_TEXT    G=(none)   M=C:\XHARBOUR\LIB\MACRO.LIB|macrob ACBP=A9
 0001:00048AA8 0000073C C=CODE    S=_TEXT    G=(none)   M=C:\XHARBOUR\LIB\MACRO.LIB|macroc ACBP=A9
 0001:000491E4 00001815 C=CODE    S=_TEXT    G=(none)   M=C:\XHARBOUR\LIB\MACRO.LIB|macroslx ACBP=A9
 0001:0004A9FC 0000719B C=CODE    S=_TEXT    G=(none)   M=C:\XHARBOUR\LIB\DBFNTX.LIB|dbfntx1 ACBP=A9
 0001:00051B98 00000045 C=CODE    S=_TEXT    G=(none)   M=C:\XHARBOUR\LIB\DBFNTX.LIB|dbfntx0 ACBP=A9
 0001:00051BE0 00000A28 C=CODE    S=_TEXT    G=(none)   M=C:\XHARBOUR\LIB\DBFDBT.LIB|dbfdbt1 ACBP=A9
 0001:00052608 00000045 C=CODE    S=_TEXT    G=(none)   M=C:\XHARBOUR\LIB\DBFDBT.LIB|dbfdbt0 ACBP=A9
 0001:00052650 00000331 C=CODE    S=_TEXT    G=(none)   M=C:\XHARBOUR\LIB\COMMON.LIB|hbfsapi ACBP=A9
 0001:00052984 00000033 C=CODE    S=_TEXT    G=(none)   M=C:\XHARBOUR\LIB\COMMON.LIB|hbgete ACBP=A9
 0001:000529B8 00000153 C=CODE    S=_TEXT    G=(none)   M=C:\XHARBOUR\LIB\COMMON.LIB|hbstr ACBP=A9
 0001:00052B0C 00000215 C=CODE    S=_TEXT    G=(none)   M=C:\XHARBOUR\LIB\COMMON.LIB|hbtrace ACBP=A9
 0001:00052D24 000007CA C=CODE    S=_TEXT    G=(none)   M=C:\XHARBOUR\LIB\COMMON.LIB|hbver ACBP=A9
 0001:000534F0 00000736 C=CODE    S=_TEXT    G=(none)   M=C:\XHARBOUR\LIB\COMMON.LIB|expropt1 ACBP=A9
 0001:00053C28 0000103B C=CODE    S=_TEXT    G=(none)   M=C:\XHARBOUR\LIB\COMMON.LIB|expropt2 ACBP=A9
 0001:00054C64 00000060 C=CODE    S=_TEXT    G=(none)   M=C:\XHARBOUR\LIB\COMMON.LIB|reserved ACBP=A9
 0001:00054CC4 00001F0C C=CODE    S=_TEXT    G=(none)   M=C:\XHARBOUR\LIB\GTWIN.LIB|gtwin ACBP=A9
 0001:00056BD0 00000095 C=CODE    S=_TEXT    G=(none)   M=C:\XHARBOUR\LIB\GTWIN.LIB|mousewin ACBP=A9
 0001:00056C68 0000002B C=CODE    S=_TEXT    G=(none)   M=C:\BORLAND\BCC55\LIB\CW32.LIB|calloc ACBP=A9
 0001:00056C94 0000000F C=CODE    S=_TEXT    G=(none)   M=C:\BORLAND\BCC55\LIB\CW32.LIB|del ACBP=A9
 0001:00056CA4 0000000F C=CODE    S=_TEXT    G=(none)   M=C:\BORLAND\BCC55\LIB\CW32.LIB|delarray ACBP=A9
 0001:00056CB4 00000111 C=CODE    S=_TEXT    G=(none)   M=C:\BORLAND\BCC55\LIB\CW32.LIB|virtmem ACBP=A9
 0001:00056DC8 0000009F C=CODE    S=_TEXT    G=(none)   M=C:\BORLAND\BCC55\LIB\CW32.LIB|hrdir_b ACBP=A9
 0001:00056E68 00000020 C=CODE    S=_TEXT    G=(none)   M=C:\BORLAND\BCC55\LIB\CW32.LIB|hrdir_mf ACBP=A9
 0001:00056E88 00000016 C=CODE    S=_TEXT    G=(none)   M=C:\BORLAND\BCC55\LIB\CW32.LIB|hrdir_r ACBP=A9
 0001:00056EA0 000000B8 C=CODE    S=_TEXT    G=(none)   M=C:\BORLAND\BCC55\LIB\CW32.LIB|hrdir_s ACBP=A9
 0001:00056F58 00000001 C=CODE    S=_TEXT    G=(none)   M=C:\BORLAND\BCC55\LIB\CW32.LIB|hrdir_us ACBP=A9
 0001:00056F5C 000009CC C=CODE    S=_TEXT    G=(none)   M=C:\BORLAND\BCC55\LIB\CW32.LIB|heap ACBP=A9
 0001:00057928 00000292 C=CODE    S=_TEXT    G=(none)   M=C:\BORLAND\BCC55\LIB\CW32.LIB|realloc ACBP=A9
 0001:00057BBC 00000001 C=CODE    S=_TEXT    G=(none)   M=C:\BORLAND\BCC55\LIB\CW32.LIB|crtlst_i ACBP=A9
 0001:00057BC0 00000001 C=CODE    S=_TEXT    G=(none)   M=C:\BORLAND\BCC55\LIB\CW32.LIB|crtlst_l ACBP=A9
 0001:00057BC4 0000001E C=CODE    S=_TEXT    G=(none)   M=C:\BORLAND\BCC55\LIB\CW32.LIB|memchr ACBP=A9
 0001:00057BE4 00000024 C=CODE    S=_TEXT    G=(none)   M=C:\BORLAND\BCC55\LIB\CW32.LIB|memcpy ACBP=A9
 0001:00057C08 0000004A C=CODE    S=_TEXT    G=(none)   M=C:\BORLAND\BCC55\LIB\CW32.LIB|memmove ACBP=A9
 0001:00057C54 0000008A C=CODE    S=_TEXT    G=(none)   M=C:\BORLAND\BCC55\LIB\CW32.LIB|memset ACBP=A9
 0001:00057CE0 00000018 C=CODE    S=_TEXT    G=(none)   M=C:\BORLAND\BCC55\LIB\CW32.LIB|wmemset ACBP=A9
 0001:00057CF8 0000003C C=CODE    S=_TEXT    G=(none)   M=C:\BORLAND\BCC55\LIB\CW32.LIB|strcat ACBP=A9
 0001:00057D34 00000053 C=CODE    S=_TEXT    G=(none)   M=C:\BORLAND\BCC55\LIB\CW32.LIB|strchr ACBP=A9
 0001:00057D88 0000005A C=CODE    S=_TEXT    G=(none)   M=C:\BORLAND\BCC55\LIB\CW32.LIB|strlen ACBP=A9
 0001:00057DE4 0000006E C=CODE    S=_TEXT    G=(none)   M=C:\BORLAND\BCC55\LIB\CW32.LIB|strncat ACBP=A9
 0001:00057E54 00000027 C=CODE    S=_TEXT    G=(none)   M=C:\BORLAND\BCC55\LIB\CW32.LIB|strncmp ACBP=A9
 0001:00057E7C 0000006C C=CODE    S=_TEXT    G=(none)   M=C:\BORLAND\BCC55\LIB\CW32.LIB|memcmp ACBP=A9
 0001:00057EE8 00000032 C=CODE    S=_TEXT    G=(none)   M=C:\BORLAND\BCC55\LIB\CW32.LIB|strdup ACBP=A9
 0001:00057F1C 0000004F C=CODE    S=_TEXT    G=(none)   M=C:\BORLAND\BCC55\LIB\CW32.LIB|strncpy ACBP=A9
 0001:00057F6C 0000002B C=CODE    S=_TEXT    G=(none)   M=C:\BORLAND\BCC55\LIB\CW32.LIB|strpbrk ACBP=A9
 0001:00057F98 00000029 C=CODE    S=_TEXT    G=(none)   M=C:\BORLAND\BCC55\LIB\CW32.LIB|strrchr ACBP=A9
 0001:00057FC4 00000054 C=CODE    S=_TEXT    G=(none)   M=C:\BORLAND\BCC55\LIB\CW32.LIB|strstr ACBP=A9
 0001:00058018 00000067 C=CODE    S=_TEXT    G=(none)   M=C:\BORLAND\BCC55\LIB\CW32.LIB|strtok ACBP=A9
 0001:00058080 00000037 C=CODE    S=_TEXT    G=(none)   M=C:\BORLAND\BCC55\LIB\CW32.LIB|_stpcpy ACBP=A9
 0001:000580B8 00000018 C=CODE    S=_TEXT    G=(none)   M=C:\BORLAND\BCC55\LIB\CW32.LIB|wcslen ACBP=A9
 0001:000580D0 0000003F C=CODE    S=_TEXT    G=(none)   M=C:\BORLAND\BCC55\LIB\CW32.LIB|wcscpy ACBP=A9
 0001:00058110 00000070 C=CODE    S=_TEXT    G=(none)   M=C:\BORLAND\BCC55\LIB\CW32.LIB|xxa ACBP=A9
 0001:00058180 00000778 C=CODE    S=_TEXT    G=(none)   M=C:\BORLAND\BCC55\LIB\CW32.LIB|xxtype ACBP=A9
 0001:000588D2 000000B6 C=CODE    S=_TEXT    G=(none)   M=C:\BORLAND\BCC55\LIB\CW32.LIB|xxut ACBP=A9
 0001:00058974 0000014B C=CODE    S=_TEXT    G=(none)   M=C:\BORLAND\BCC55\LIB\CW32.LIB|xxv ACBP=A9
 0001:00058AC0 0000000A C=CODE    S=_TEXT    G=(none)   M=C:\BORLAND\BCC55\LIB\CW32.LIB|defhandl ACBP=A9
 0001:00058ACC 00000179 C=CODE    S=_TEXT    G=(none)   M=C:\BORLAND\BCC55\LIB\CW32.LIB|except ACBP=A9
 0001:00058C48 00000046 C=CODE    S=_TEXT    G=(none)   M=C:\BORLAND\BCC55\LIB\CW32.LIB|setexc ACBP=A9
 0001:00058C90 00000022 C=CODE    S=_TEXT    G=(none)   M=C:\BORLAND\BCC55\LIB\CW32.LIB|ta ACBP=A9
 0001:00058CB4 0000003C C=CODE    S=_TEXT    G=(none)   M=C:\BORLAND\BCC55\LIB\CW32.LIB|__access ACBP=A9
 0001:00058CF0 00000060 C=CODE    S=_TEXT    G=(none)   M=C:\BORLAND\BCC55\LIB\CW32.LIB|__close ACBP=A9
 0001:00058D50 00000013 C=CODE    S=_TEXT    G=(none)   M=C:\BORLAND\BCC55\LIB\CW32.LIB|__dup ACBP=A9
 0001:00058D64 000000EF C=CODE    S=_TEXT    G=(none)   M=C:\BORLAND\BCC55\LIB\CW32.LIB|__dup2 ACBP=A9
 0001:00058E54 00000086 C=CODE    S=_TEXT    G=(none)   M=C:\BORLAND\BCC55\LIB\CW32.LIB|__eof ACBP=A9
 0001:00058EDC 00000123 C=CODE    S=_TEXT    G=(none)   M=C:\BORLAND\BCC55\LIB\CW32.LIB|__ftrunc ACBP=A9
 0001:00059000 00000047 C=CODE    S=_TEXT    G=(none)   M=C:\BORLAND\BCC55\LIB\CW32.LIB|__isatty ACBP=A9
 0001:00059048 00000076 C=CODE    S=_TEXT    G=(none)   M=C:\BORLAND\BCC55\LIB\CW32.LIB|__lseek ACBP=A9
 0001:000590C0 000001FA C=CODE    S=_TEXT    G=(none)   M=C:\BORLAND\BCC55\LIB\CW32.LIB|__open ACBP=A9
 0001:000592BC 0000019A C=CODE    S=_TEXT    G=(none)   M=C:\BORLAND\BCC55\LIB\CW32.LIB|__read ACBP=A9
 0001:00059458 000001FA C=CODE    S=_TEXT    G=(none)   M=C:\BORLAND\BCC55\LIB\CW32.LIB|__wopen ACBP=A9
 0001:00059654 0000011C C=CODE    S=_TEXT    G=(none)   M=C:\BORLAND\BCC55\LIB\CW32.LIB|__write ACBP=A9
 0001:00059770 00000011 C=CODE    S=_TEXT    G=(none)   M=C:\BORLAND\BCC55\LIB\CW32.LIB|_cfinfo ACBP=A9
 0001:00059784 00000038 C=CODE    S=_TEXT    G=(none)   M=C:\BORLAND\BCC55\LIB\CW32.LIB|_flshall ACBP=A9
 0001:000597BC 000000D3 C=CODE    S=_TEXT    G=(none)   M=C:\BORLAND\BCC55\LIB\CW32.LIB|_pipe ACBP=A9
 0001:00059890 00000061 C=CODE    S=_TEXT    G=(none)   M=C:\BORLAND\BCC55\LIB\CW32.LIB|_read ACBP=A9
 0001:000598F1 00000017 C=CODE    S=_TEXT    G=(none)   M=C:\BORLAND\BCC55\LIB\CW32.LIB|_umask ACBP=A9
 0001:000598F4 00000035 C=CODE    S=_TEXT    G=(none)   M=C:\BORLAND\BCC55\LIB\CW32.LIB|_wopen ACBP=A9
 0001:0005992C 00000061 C=CODE    S=_TEXT    G=(none)   M=C:\BORLAND\BCC55\LIB\CW32.LIB|_write ACBP=A9
 0001:00059990 00000008 C=CODE    S=_TEXT    G=(none)   M=C:\BORLAND\BCC55\LIB\CW32.LIB|access ACBP=A9
 0001:00059998 0000007D C=CODE    S=_TEXT    G=(none)   M=C:\BORLAND\BCC55\LIB\CW32.LIB|allocbuf ACBP=A9
 0001:00059A18 0000009B C=CODE    S=_TEXT    G=(none)   M=C:\BORLAND\BCC55\LIB\CW32.LIB|chdrive ACBP=A9
 0001:00059AB4 00000008 C=CODE    S=_TEXT    G=(none)   M=C:\BORLAND\BCC55\LIB\CW32.LIB|chsize ACBP=A9
 0001:00059ABC 00000008 C=CODE    S=_TEXT    G=(none)   M=C:\BORLAND\BCC55\LIB\CW32.LIB|close ACBP=A9
 0001:00059AC4 00000008 C=CODE    S=_TEXT    G=(none)   M=C:\BORLAND\BCC55\LIB\CW32.LIB|dup ACBP=A9
 0001:00059ACC 00000008 C=CODE    S=_TEXT    G=(none)   M=C:\BORLAND\BCC55\LIB\CW32.LIB|dup2 ACBP=A9
 0001:00059AD4 00000008 C=CODE    S=_TEXT    G=(none)   M=C:\BORLAND\BCC55\LIB\CW32.LIB|eof ACBP=A9
 0001:00059ADC 0000008E C=CODE    S=_TEXT    G=(none)   M=C:\BORLAND\BCC55\LIB\CW32.LIB|fclose ACBP=A9
 0001:00059B6C 0000007F C=CODE    S=_TEXT    G=(none)   M=C:\BORLAND\BCC55\LIB\CW32.LIB|fflush ACBP=A9
 0001:00059BEC 0000005A C=CODE    S=_TEXT    G=(none)   M=C:\BORLAND\BCC55\LIB\CW32.LIB|flushout ACBP=A9
 0001:00059C48 00000023 C=CODE    S=_TEXT    G=(none)   M=C:\BORLAND\BCC55\LIB\CW32.LIB|fmodeptr ACBP=A9
 0001:00059C6C 000001DD C=CODE    S=_TEXT    G=(none)   M=C:\BORLAND\BCC55\LIB\CW32.LIB|fopen ACBP=A9
 0001:00059E4C 00000022 C=CODE    S=_TEXT    G=(none)   M=C:\BORLAND\BCC55\LIB\CW32.LIB|fprintf ACBP=A9
 0001:00059E70 000000D9 C=CODE    S=_TEXT    G=(none)   M=C:\BORLAND\BCC55\LIB\CW32.LIB|fputn ACBP=A9
 0001:00059F4C 0000013E C=CODE    S=_TEXT    G=(none)   M=C:\BORLAND\BCC55\LIB\CW32.LIB|fseek ACBP=A9
 0001:0005A08C 000000D4 C=CODE    S=_TEXT    G=(none)   M=C:\BORLAND\BCC55\LIB\CW32.LIB|fullpath ACBP=A9
 0001:0005A160 00000140 C=CODE    S=_TEXT    G=(none)   M=C:\BORLAND\BCC55\LIB\CW32.LIB|getdcwd ACBP=A9
 0001:0005A2A0 00000076 C=CODE    S=_TEXT    G=(none)   M=C:\BORLAND\BCC55\LIB\CW32.LIB|ioerror ACBP=A9
 0001:0005A318 00000008 C=CODE    S=_TEXT    G=(none)   M=C:\BORLAND\BCC55\LIB\CW32.LIB|isatty ACBP=A9
 0001:0005A320 0000007F C=CODE    S=_TEXT    G=(none)   M=C:\BORLAND\BCC55\LIB\CW32.LIB|lock ACBP=A9
 0001:0005A3A0 00000110 C=CODE    S=_TEXT    G=(none)   M=C:\BORLAND\BCC55\LIB\CW32.LIB|lputc ACBP=A9
 0001:0005A4B0 00000008 C=CODE    S=_TEXT    G=(none)   M=C:\BORLAND\BCC55\LIB\CW32.LIB|lseek ACBP=A9
 0001:0005A4B8 00000091 C=CODE    S=_TEXT    G=(none)   M=C:\BORLAND\BCC55\LIB\CW32.LIB|mkname ACBP=A9
 0001:0005A54C 00000010 C=CODE    S=_TEXT    G=(none)   M=C:\BORLAND\BCC55\LIB\CW32.LIB|open ACBP=A9
 0001:0005A55C 00000079 C=CODE    S=_TEXT    G=(none)   M=C:\BORLAND\BCC55\LIB\CW32.LIB|perror ACBP=A9
 0001:0005A55C 00000023 C=CODE    S=_TEXT    G=(none)   M=C:\BORLAND\BCC55\LIB\CW32.LIB|printf ACBP=A9
 0001:0005A580 00000008 C=CODE    S=_TEXT    G=(none)   M=C:\BORLAND\BCC55\LIB\CW32.LIB|read ACBP=A9
 0001:0005A588 0000006B C=CODE    S=_TEXT    G=(none)   M=C:\BORLAND\BCC55\LIB\CW32.LIB|setmode ACBP=A9
 0001:0005A5F4 0000004D C=CODE    S=_TEXT    G=(none)   M=C:\BORLAND\BCC55\LIB\CW32.LIB|setvbuf ACBP=A9
 0001:0005A644 00000078 C=CODE    S=_TEXT    G=(none)   M=C:\BORLAND\BCC55\LIB\CW32.LIB|sprintf ACBP=A9
 0001:0005A6BC 00000115 C=CODE    S=_TEXT    G=(none)   M=C:\BORLAND\BCC55\LIB\CW32.LIB|streams ACBP=A9
 0001:0005A7D4 00000016 C=CODE    S=_TEXT    G=(none)   M=C:\BORLAND\BCC55\LIB\CW32.LIB|tmpnam ACBP=A9
 0001:0005A7EC 0000001A C=CODE    S=_TEXT    G=(none)   M=C:\BORLAND\BCC55\LIB\CW32.LIB|unlink ACBP=A9
 0001:0005A808 00000022 C=CODE    S=_TEXT    G=(none)   M=C:\BORLAND\BCC55\LIB\CW32.LIB|vfprintf ACBP=A9
 0001:0005A82C 000009EC C=CODE    S=_TEXT    G=(none)   M=C:\BORLAND\BCC55\LIB\CW32.LIB|vprinter ACBP=A9
 0001:0005B218 00000008 C=CODE    S=_TEXT    G=(none)   M=C:\BORLAND\BCC55\LIB\CW32.LIB|write ACBP=A9
 0001:0005B220 0000002E C=CODE    S=_TEXT    G=(none)   M=C:\BORLAND\BCC55\LIB\CW32.LIB|xfclose ACBP=A9
 0001:0005B250 00000027 C=CODE    S=_TEXT    G=(none)   M=C:\BORLAND\BCC55\LIB\CW32.LIB|xfflush ACBP=A9
 0001:0005B278 00000051 C=CODE    S=_TEXT    G=(none)   M=C:\BORLAND\BCC55\LIB\CW32.LIB|getinfo ACBP=A9
 0001:0005B2CC 00000102 C=CODE    S=_TEXT    G=(none)   M=C:\BORLAND\BCC55\LIB\CW32.LIB|is ACBP=A9
 0001:0005B3D0 00000103 C=CODE    S=_TEXT    G=(none)   M=C:\BORLAND\BCC55\LIB\CW32.LIB|wis ACBP=A9
 0001:0005B4D4 00000043 C=CODE    S=_TEXT    G=(none)   M=C:\BORLAND\BCC55\LIB\CW32.LIB|isctype ACBP=A9
 0001:0005B518 00000055 C=CODE    S=_TEXT    G=(none)   M=C:\BORLAND\BCC55\LIB\CW32.LIB|iswctype ACBP=A9
 0001:0005B570 00000054 C=CODE    S=_TEXT    G=(none)   M=C:\BORLAND\BCC55\LIB\CW32.LIB|ltolower ACBP=A9
 0001:0005B5C4 00000054 C=CODE    S=_TEXT    G=(none)   M=C:\BORLAND\BCC55\LIB\CW32.LIB|ltowlwr ACBP=A9
 0001:0005B618 00000054 C=CODE    S=_TEXT    G=(none)   M=C:\BORLAND\BCC55\LIB\CW32.LIB|ltoupper ACBP=A9
 0001:0005B66C 00000054 C=CODE    S=_TEXT    G=(none)   M=C:\BORLAND\BCC55\LIB\CW32.LIB|ltowupr ACBP=A9
 0001:0005B6C0 000004D0 C=CODE    S=_TEXT    G=(none)   M=C:\BORLAND\BCC55\LIB\CW32.LIB|mbyte1 ACBP=A9
 0001:0005BB90 00000200 C=CODE    S=_TEXT    G=(none)   M=C:\BORLAND\BCC55\LIB\CW32.LIB|_ll ACBP=A9
 0001:0005BD90 0000001D C=CODE    S=_TEXT    G=(none)   M=C:\BORLAND\BCC55\LIB\CW32.LIB|_finite ACBP=A9
 0001:0005BDB0 00000045 C=CODE    S=_TEXT    G=(none)   M=C:\BORLAND\BCC55\LIB\CW32.LIB|_isnan ACBP=A9
 0001:0005BDF8 000000B0 C=CODE    S=_TEXT    G=(none)   M=C:\BORLAND\BCC55\LIB\CW32.LIB|_matherr ACBP=A9
 0001:0005BEA8 00000188 C=CODE    S=_TEXT    G=(none)   M=C:\BORLAND\BCC55\LIB\CW32.LIB|_pow10 ACBP=A9
 0001:0005C030 00000013 C=CODE    S=_TEXT    G=(none)   M=C:\BORLAND\BCC55\LIB\CW32.LIB|atof ACBP=A9
 0001:0005C044 00000077 C=CODE    S=_TEXT    G=(none)   M=C:\BORLAND\BCC55\LIB\CW32.LIB|atol ACBP=A9
 0001:0005C0BC 0000001C C=CODE    S=_TEXT    G=(none)   M=C:\BORLAND\BCC55\LIB\CW32.LIB|ceil ACBP=A9
 0001:0005C0D8 00000013 C=CODE    S=_TEXT    G=(none)   M=C:\BORLAND\BCC55\LIB\CW32.LIB|clear87 ACBP=A9
 0001:0005C0EC 0000002F C=CODE    S=_TEXT    G=(none)   M=C:\BORLAND\BCC55\LIB\CW32.LIB|ctrl87 ACBP=A9
 0001:0005C11C 00000018 C=CODE    S=_TEXT    G=(none)   M=C:\BORLAND\BCC55\LIB\CW32.LIB|cvtentry ACBP=A9
 0001:0005C134 00000018 C=CODE    S=_TEXT    G=(none)   M=C:\BORLAND\BCC55\LIB\CW32.LIB|cvtfak ACBP=A9
 0001:0005C14C 00000018 C=CODE    S=_TEXT    G=(none)   M=C:\BORLAND\BCC55\LIB\CW32.LIB|cvtfakw ACBP=A9
 0001:0005C164 0000006C C=CODE    S=_TEXT    G=(none)   M=C:\BORLAND\BCC55\LIB\CW32.LIB|exp ACBP=A9
 0001:0005C1D0 000000CD C=CODE    S=_TEXT    G=(none)   M=C:\BORLAND\BCC55\LIB\CW32.LIB|f87exp ACBP=A9
 0001:0005C2A0 00000048 C=CODE    S=_TEXT    G=(none)   M=C:\BORLAND\BCC55\LIB\CW32.LIB|f87log ACBP=A9
 0001:0005C2E8 0000000D C=CODE    S=_TEXT    G=(none)   M=C:\BORLAND\BCC55\LIB\CW32.LIB|fabs ACBP=A9
 0001:0005C2F8 0000001C C=CODE    S=_TEXT    G=(none)   M=C:\BORLAND\BCC55\LIB\CW32.LIB|floor ACBP=A9
 0001:0005C314 0000004D C=CODE    S=_TEXT    G=(none)   M=C:\BORLAND\BCC55\LIB\CW32.LIB|fmod ACBP=A9
 0001:0005C364 00000016 C=CODE    S=_TEXT    G=(none)   M=C:\BORLAND\BCC55\LIB\CW32.LIB|fpreset ACBP=A9
 0001:0005C37C 00000028 C=CODE    S=_TEXT    G=(none)   M=C:\BORLAND\BCC55\LIB\CW32.LIB|ftol ACBP=A9
 0001:0005C3A4 0000002D C=CODE    S=_TEXT    G=(none)   M=C:\BORLAND\BCC55\LIB\CW32.LIB|fuildq ACBP=A9
 0001:0005C3D4 00000021 C=CODE    S=_TEXT    G=(none)   M=C:\BORLAND\BCC55\LIB\CW32.LIB|fuistq ACBP=A9
 0001:0005C3F8 00000011 C=CODE    S=_TEXT    G=(none)   M=C:\BORLAND\BCC55\LIB\CW32.LIB|fxam ACBP=A9
 0001:0005C40C 000000B1 C=CODE    S=_TEXT    G=(none)   M=C:\BORLAND\BCC55\LIB\CW32.LIB|int64toa ACBP=A9
 0001:0005C4C0 00000117 C=CODE    S=_TEXT    G=(none)   M=C:\BORLAND\BCC55\LIB\CW32.LIB|ldtrunc ACBP=A9
 0001:0005C5D8 0000006D C=CODE    S=_TEXT    G=(none)   M=C:\BORLAND\BCC55\LIB\CW32.LIB|log ACBP=A9
 0001:0005C648 0000006D C=CODE    S=_TEXT    G=(none)   M=C:\BORLAND\BCC55\LIB\CW32.LIB|log10 ACBP=A9
 0001:0005C6B8 0000008F C=CODE    S=_TEXT    G=(none)   M=C:\BORLAND\BCC55\LIB\CW32.LIB|longtoa ACBP=A9
 0001:0005C748 00000075 C=CODE    S=_TEXT    G=(none)   M=C:\BORLAND\BCC55\LIB\CW32.LIB|ltoa1 ACBP=A9
 0001:0005C7C0 0000002E C=CODE    S=_TEXT    G=(none)   M=C:\BORLAND\BCC55\LIB\CW32.LIB|matherrl ACBP=A9
 0001:0005C7F0 00000016 C=CODE    S=_TEXT    G=(none)   M=C:\BORLAND\BCC55\LIB\CW32.LIB|mathptr ACBP=A9
 0001:0005C808 000001DC C=CODE    S=_TEXT    G=(none)   M=C:\BORLAND\BCC55\LIB\CW32.LIB|pow ACBP=A9
 0001:0005C9E4 00000025 C=CODE    S=_TEXT    G=(none)   M=C:\BORLAND\BCC55\LIB\CW32.LIB|qdiv10 ACBP=A9
 0001:0005CA0C 0000002E C=CODE    S=_TEXT    G=(none)   M=C:\BORLAND\BCC55\LIB\CW32.LIB|qmul10 ACBP=A9
 0001:0005CA3C 000002F9 C=CODE    S=_TEXT    G=(none)   M=C:\BORLAND\BCC55\LIB\CW32.LIB|realcvt ACBP=A9
 0001:0005CD38 00000331 C=CODE    S=_TEXT    G=(none)   M=C:\BORLAND\BCC55\LIB\CW32.LIB|realcvtw ACBP=A9
 0001:0005D06C 0000002C C=CODE    S=_TEXT    G=(none)   M=C:\BORLAND\BCC55\LIB\CW32.LIB|round ACBP=A9
 0001:0005D098 000004E1 C=CODE    S=_TEXT    G=(none)   M=C:\BORLAND\BCC55\LIB\CW32.LIB|scantod ACBP=A9
 0001:0005D57C 000004DD C=CODE    S=_TEXT    G=(none)   M=C:\BORLAND\BCC55\LIB\CW32.LIB|scanwtod ACBP=A9
 0001:0005DA5C 0000003A C=CODE    S=_TEXT    G=(none)   M=C:\BORLAND\BCC55\LIB\CW32.LIB|sqrt ACBP=A9
 0001:0005DA98 000000C1 C=CODE    S=_TEXT    G=(none)   M=C:\BORLAND\BCC55\LIB\CW32.LIB|strtod ACBP=A9
 0001:0005DB5C 000002D2 C=CODE    S=_TEXT    G=(none)   M=C:\BORLAND\BCC55\LIB\CW32.LIB|xcvt ACBP=A9
 0001:0005DE30 000002F1 C=CODE    S=_TEXT    G=(none)   M=C:\BORLAND\BCC55\LIB\CW32.LIB|xcvtw ACBP=A9
 0001:0005E124 00000139 C=CODE    S=_TEXT    G=(none)   M=C:\BORLAND\BCC55\LIB\CW32.LIB|mbctype ACBP=A9
 0001:0005E260 0000003D C=CODE    S=_TEXT    G=(none)   M=C:\BORLAND\BCC55\LIB\CW32.LIB|mbisalp ACBP=A9
 0001:0005E2A0 0000001A C=CODE    S=_TEXT    G=(none)   M=C:\BORLAND\BCC55\LIB\CW32.LIB|mbisdgt ACBP=A9
 0001:0005E2BC 0000001A C=CODE    S=_TEXT    G=(none)   M=C:\BORLAND\BCC55\LIB\CW32.LIB|mbisspc ACBP=A9
 0001:0005E2D8 00000050 C=CODE    S=_TEXT    G=(none)   M=C:\BORLAND\BCC55\LIB\CW32.LIB|mbschr ACBP=A9
 0001:0005E328 00000055 C=CODE    S=_TEXT    G=(none)   M=C:\BORLAND\BCC55\LIB\CW32.LIB|mbsdec ACBP=A9
 0001:0005E380 0000009B C=CODE    S=_TEXT    G=(none)   M=C:\BORLAND\BCC55\LIB\CW32.LIB|mbsicmp ACBP=A9
 0001:0005E41C 00000054 C=CODE    S=_TEXT    G=(none)   M=C:\BORLAND\BCC55\LIB\CW32.LIB|mbsnbcpy ACBP=A9
 0001:0005E470 000000BF C=CODE    S=_TEXT    G=(none)   M=C:\BORLAND\BCC55\LIB\CW32.LIB|mbsnbicm ACBP=A9
 0001:0005E530 00000056 C=CODE    S=_TEXT    G=(none)   M=C:\BORLAND\BCC55\LIB\CW32.LIB|mbsrchr ACBP=A9
 0001:0005E588 000000A6 C=CODE    S=_TEXT    G=(none)   M=C:\BORLAND\BCC55\LIB\CW32.LIB|assert ACBP=A9
 0001:0005E630 000000B8 C=CODE    S=_TEXT    G=(none)   M=C:\BORLAND\BCC55\LIB\CW32.LIB|ermsghlp ACBP=A9
 0001:0005E6E8 00000006 C=CODE    S=_TEXT    G=(none)   M=C:\BORLAND\BCC55\LIB\CW32.LIB|errno ACBP=A9
 0001:0005E6E8 0000019B C=CODE    S=_TEXT    G=(none)   M=C:\BORLAND\BCC55\LIB\CW32.LIB|errormsg ACBP=A9
 0001:0005E884 00000089 C=CODE    S=_TEXT    G=(none)   M=C:\BORLAND\BCC55\LIB\CW32.LIB|platform ACBP=A9
 0001:0005E910 00000236 C=CODE    S=_TEXT    G=(none)   M=C:\BORLAND\BCC55\LIB\CW32.LIB|qsort ACBP=A9
 0001:0005EB48 00000008 C=CODE    S=_TEXT    G=(none)   M=C:\BORLAND\BCC55\LIB\CW32.LIB|cwait ACBP=A9
 0001:0005EB50 00000022 C=CODE    S=_TEXT    G=(none)   M=C:\BORLAND\BCC55\LIB\CW32.LIB|abort ACBP=A9
 0001:0005EB74 000000A7 C=CODE    S=_TEXT    G=(none)   M=C:\BORLAND\BCC55\LIB\CW32.LIB|exit ACBP=A9
 0001:0005EC1C 00000057 C=CODE    S=_TEXT    G=(none)   M=C:\BORLAND\BCC55\LIB\CW32.LIB|getenv ACBP=A9
 0001:0005EC74 0000001A C=CODE    S=_TEXT    G=(none)   M=C:\BORLAND\BCC55\LIB\CW32.LIB|initwild ACBP=A9
 0001:0005EC90 00000011 C=CODE    S=_TEXT    G=(none)   M=C:\BORLAND\BCC55\LIB\CW32.LIB|exparg ACBP=A9
 0001:0005ECA4 00000011 C=CODE    S=_TEXT    G=(none)   M=C:\BORLAND\BCC55\LIB\CW32.LIB|wexparg ACBP=A9
 0001:0005ECB8 00000027 C=CODE    S=_TEXT    G=(none)   M=C:\BORLAND\BCC55\LIB\CW32.LIB|initargv ACBP=A9
 0001:0005ECE0 0000016C C=CODE    S=_TEXT    G=(none)   M=C:\BORLAND\BCC55\LIB\CW32.LIB|setargv ACBP=A9
 0001:0005EE4C 000001E5 C=CODE    S=_TEXT    G=(none)   M=C:\BORLAND\BCC55\LIB\CW32.LIB|hsargv ACBP=A9
 0001:0005F034 00000227 C=CODE    S=_TEXT    G=(none)   M=C:\BORLAND\BCC55\LIB\CW32.LIB|whsargv ACBP=A9
 0001:0005F25C 0000001D C=CODE    S=_TEXT    G=(none)   M=C:\BORLAND\BCC55\LIB\CW32.LIB|spawnvp ACBP=A9
 0001:0005F27C 0000002D C=CODE    S=_TEXT    G=(none)   M=C:\BORLAND\BCC55\LIB\CW32.LIB|srchenv ACBP=A9
 0001:0005F2AC 000000F5 C=CODE    S=_TEXT    G=(none)   M=C:\BORLAND\BCC55\LIB\CW32.LIB|srchstr ACBP=A9
 0001:0005F3A4 00000045 C=CODE    S=_TEXT    G=(none)   M=C:\BORLAND\BCC55\LIB\CW32.LIB|setargv0 ACBP=A9
 0001:0005F3EC 0000063B C=CODE    S=_TEXT    G=(none)   M=C:\BORLAND\BCC55\LIB\CW32.LIB|loadprog ACBP=A9
 0001:0005FA28 000001A0 C=CODE    S=_TEXT    G=(none)   M=C:\BORLAND\BCC55\LIB\CW32.LIB|setenvp ACBP=A9
 0001:0005FBC8 000002F8 C=CODE    S=_TEXT    G=(none)   M=C:\BORLAND\BCC55\LIB\CW32.LIB|signal ACBP=A9
 0001:0005FEC0 000001AB C=CODE    S=_TEXT    G=(none)   M=C:\BORLAND\BCC55\LIB\CW32.LIB|_cwait ACBP=A9
 0001:0006006C 00000157 C=CODE    S=_TEXT    G=(none)   M=C:\BORLAND\BCC55\LIB\CW32.LIB|initexit ACBP=A9
 0001:000601C4 000001A4 C=CODE    S=_TEXT    G=(none)   M=C:\BORLAND\BCC55\LIB\CW32.LIB|startup ACBP=A9
 0001:00060368 0000004F C=CODE    S=_TEXT    G=(none)   M=C:\BORLAND\BCC55\LIB\CW32.LIB|tlsstat ACBP=A9
 0001:000603B8 000001A9 C=CODE    S=_TEXT    G=(none)   M=C:\BORLAND\BCC55\LIB\CW32.LIB|gmtime ACBP=A9
 0001:00060564 000002A4 C=CODE    S=_TEXT    G=(none)   M=C:\BORLAND\BCC55\LIB\CW32.LIB|timefunc ACBP=A9
 0001:00060808 00000006 C=CODE    S=_TEXT    G=(none)   M=C:\BORLAND\BCC55\LIB\CW32.LIB|tzdata ACBP=A9
 0001:00060810 000001C8 C=CODE    S=_TEXT    G=(none)   M=C:\BORLAND\BCC55\LIB\CW32.LIB|tzset ACBP=A9
 0001:000609D8 00000008 C=CODE    S=_TEXT    G=(none)   M=C:\BORLAND\BCC55\LIB\CW32.LIB|_tzset ACBP=A9
 0001:000609E0 00000017 C=CODE    S=_TEXT    G=(none)   M=C:\BORLAND\BCC55\LIB\CW32.LIB|clock ACBP=A9
 0001:000609F8 0000009E C=CODE    S=_TEXT    G=(none)   M=C:\BORLAND\BCC55\LIB\CW32.LIB|ftime ACBP=A9
 0001:00060A98 00001BA2 C=CODE    S=_TEXT    G=(none)   M=C:\BORLAND\BCC55\LIB\CW32.LIB|xx ACBP=A9
 0002:00000138 000000A4 C=DATA    S=_DATA    G=DGROUP   M=C:\BORLAND\BCC55\LIB\C0X32.OBJ ACBP=A9
 0002:000001DC 00000204 C=DATA    S=_DATA    G=DGROUP   M=D:\DEV\SOURCE\PDV3\OBJ\GRAVADOR.OBJ ACBP=A9
 0002:000003E0 000049A0 C=DATA    S=_DATA    G=DGROUP   M=D:\DEV\SOURCE\PDV3\OBJ\SWGRAVA.OBJ ACBP=A9
 0002:00004D80 00000AF8 C=DATA    S=_DATA    G=DGROUP   M=C:\XHARBOUR\LIB\OPTCON.LIB|hvm ACBP=A9
 0002:00005878 00000284 C=DATA    S=_DATA    G=DGROUP   M=C:\XHARBOUR\LIB\OPTCON.LIB|classes ACBP=A9
 0002:00005AFC 000041A0 C=DATA    S=_DATA    G=DGROUP   M=C:\BORLAND\BCC55\LIB\BCC640.LIB|files ACBP=A9
 0002:00009C9C 00000AF4 C=DATA    S=_DATA    G=DGROUP   M=C:\BORLAND\BCC55\LIB\BCC640.LIB|files2 ACBP=A9
 0002:0000A790 00000978 C=DATA    S=_DATA    G=DGROUP   M=C:\XHARBOUR\LIB\LANG.LIB|msgen ACBP=A9
 0002:0000B108 000002BC C=DATA    S=_DATA    G=DGROUP   M=C:\XHARBOUR\LIB\VM.LIB|arrays ACBP=A9
 0002:0000B3C4 000000B4 C=DATA    S=_DATA    G=DGROUP   M=C:\XHARBOUR\LIB\VM.LIB|arrayshb ACBP=A9
 0002:0000B478 00000074 C=DATA    S=_DATA    G=DGROUP   M=C:\XHARBOUR\LIB\VM.LIB|cmdarg ACBP=A9
 0002:0000B4EC 00000010 C=DATA    S=_DATA    G=DGROUP   M=C:\XHARBOUR\LIB\VM.LIB|dynsym ACBP=A9
 0002:0000B4FC 000001CC C=DATA    S=_DATA    G=DGROUP   M=C:\XHARBOUR\LIB\VM.LIB|errorapi ACBP=A9
 0002:0000B6C8 00000110 C=DATA    S=_DATA    G=DGROUP   M=C:\XHARBOUR\LIB\VM.LIB|estack ACBP=A9
 0002:0000B7D8 0000001C C=DATA    S=_DATA    G=DGROUP   M=C:\XHARBOUR\LIB\VM.LIB|eval ACBP=A9
 0002:0000B7F4 00000004 C=DATA    S=_DATA    G=DGROUP   M=C:\XHARBOUR\LIB\VM.LIB|extend ACBP=A9
 0002:0000B7F8 00000018 C=DATA    S=_DATA    G=DGROUP   M=C:\XHARBOUR\LIB\VM.LIB|garbage ACBP=A9
 0002:0000B810 00000098 C=DATA    S=_DATA    G=DGROUP   M=C:\XHARBOUR\LIB\VM.LIB|hbi18n ACBP=A9
 0002:0000B8A8 0000007C C=DATA    S=_DATA    G=DGROUP   M=C:\XHARBOUR\LIB\VM.LIB|itemapi ACBP=A9
 0002:0000B924 00000024 C=DATA    S=_DATA    G=DGROUP   M=C:\XHARBOUR\LIB\VM.LIB|fastitem ACBP=A9
 0002:0000B948 00000024 C=DATA    S=_DATA    G=DGROUP   M=C:\XHARBOUR\LIB\VM.LIB|macro ACBP=A9
 0002:0000B96C 0000005C C=DATA    S=_DATA    G=DGROUP   M=C:\XHARBOUR\LIB\VM.LIB|memvars ACBP=A9
 0002:0000B9C8 000000C8 C=DATA    S=_DATA    G=DGROUP   M=C:\XHARBOUR\LIB\VM.LIB|proc ACBP=A9
 0002:0000BA90 00000160 C=DATA    S=_DATA    G=DGROUP   M=C:\XHARBOUR\LIB\VM.LIB|harbinit ACBP=A9
 0002:0000BBF0 00000004 C=DATA    S=_DATA    G=DGROUP   M=C:\XHARBOUR\LIB\RTL.LIB|at ACBP=A9
 0002:0000BBF4 00000044 C=DATA    S=_DATA    G=DGROUP   M=C:\XHARBOUR\LIB\RTL.LIB|cdpapi ACBP=A9
 0002:0000BC38 00000008 C=DATA    S=_DATA    G=DGROUP   M=C:\XHARBOUR\LIB\RTL.LIB|chrasc ACBP=A9
 0002:0000BC40 00000018 C=DATA    S=_DATA    G=DGROUP   M=C:\XHARBOUR\LIB\RTL.LIB|console ACBP=A9
 0002:0000BC58 00000028 C=DATA    S=_DATA    G=DGROUP   M=C:\XHARBOUR\LIB\RTL.LIB|dates ACBP=A9
 0002:0000BC80 00000038 C=DATA    S=_DATA    G=DGROUP   M=C:\XHARBOUR\LIB\RTL.LIB|dateshb ACBP=A9
 0002:0000BCB8 0000000C C=DATA    S=_DATA    G=DGROUP   M=C:\XHARBOUR\LIB\RTL.LIB|datesx ACBP=A9
 0002:0000BCC4 00000014 C=DATA    S=_DATA    G=DGROUP   M=C:\XHARBOUR\LIB\RTL.LIB|filesys ACBP=A9
 0002:0000BCD8 00000024 C=DATA    S=_DATA    G=DGROUP   M=C:\XHARBOUR\LIB\RTL.LIB|gtapi ACBP=A9
 0002:0000BCFC 00000020 C=DATA    S=_DATA    G=DGROUP   M=C:\XHARBOUR\LIB\RTL.LIB|hbffind ACBP=A9
 0002:0000BD1C 00000010 C=DATA    S=_DATA    G=DGROUP   M=C:\XHARBOUR\LIB\RTL.LIB|idle ACBP=A9
 0002:0000BD2C 00000008 C=DATA    S=_DATA    G=DGROUP   M=C:\XHARBOUR\LIB\RTL.LIB|inkey ACBP=A9
 0002:0000BD34 00000060 C=DATA    S=_DATA    G=DGROUP   M=C:\XHARBOUR\LIB\RTL.LIB|langapi ACBP=A9
 0002:0000BD94 00000008 C=DATA    S=_DATA    G=DGROUP   M=C:\XHARBOUR\LIB\RTL.LIB|left ACBP=A9
 0002:0000BD9C 00000004 C=DATA    S=_DATA    G=DGROUP   M=C:\XHARBOUR\LIB\RTL.LIB|len ACBP=A9
 0002:0000BDA0 00000154 C=DATA    S=_DATA    G=DGROUP   M=C:\XHARBOUR\LIB\RTL.LIB|math ACBP=A9
 0002:0000BEF4 00000004 C=DATA    S=_DATA    G=DGROUP   M=C:\XHARBOUR\LIB\RTL.LIB|memofile ACBP=A9
 0002:0000BEF8 00000008 C=DATA    S=_DATA    G=DGROUP   M=C:\XHARBOUR\LIB\RTL.LIB|minmax ACBP=A9
 0002:0000BF00 00000010 C=DATA    S=_DATA    G=DGROUP   M=C:\XHARBOUR\LIB\RTL.LIB|mouseapi ACBP=A9
 0002:0000BF10 00000004 C=DATA    S=_DATA    G=DGROUP   M=C:\XHARBOUR\LIB\RTL.LIB|padc ACBP=A9
 0002:0000BF14 00000004 C=DATA    S=_DATA    G=DGROUP   M=C:\XHARBOUR\LIB\RTL.LIB|padr ACBP=A9
 0002:0000BF18 000000E0 C=DATA    S=_DATA    G=DGROUP   M=C:\XHARBOUR\LIB\RTL.LIB|philes ACBP=A9
 0002:0000BFF8 00000D80 C=DATA    S=_DATA    G=DGROUP   M=C:\XHARBOUR\LIB\RTL.LIB|regex ACBP=A9
 0002:0000CD78 0000000C C=DATA    S=_DATA    G=DGROUP   M=C:\XHARBOUR\LIB\RTL.LIB|replic ACBP=A9
 0002:0000CD84 0000000C C=DATA    S=_DATA    G=DGROUP   M=C:\XHARBOUR\LIB\RTL.LIB|round ACBP=A9
 0002:0000CD90 00000088 C=DATA    S=_DATA    G=DGROUP   M=C:\XHARBOUR\LIB\RTL.LIB|set ACBP=A9
 0002:0000CE18 00000008 C=DATA    S=_DATA    G=DGROUP   M=C:\XHARBOUR\LIB\RTL.LIB|space ACBP=A9
 0002:0000CE20 00000028 C=DATA    S=_DATA    G=DGROUP   M=C:\XHARBOUR\LIB\RTL.LIB|str ACBP=A9
 0002:0000CE48 0000000C C=DATA    S=_DATA    G=DGROUP   M=C:\XHARBOUR\LIB\RTL.LIB|strcase ACBP=A9
 0002:0000CE54 0000000C C=DATA    S=_DATA    G=DGROUP   M=C:\XHARBOUR\LIB\RTL.LIB|strtran ACBP=A9
 0002:0000CE60 0000000C C=DATA    S=_DATA    G=DGROUP   M=C:\XHARBOUR\LIB\RTL.LIB|strzero ACBP=A9
 0002:0000CE6C 00000008 C=DATA    S=_DATA    G=DGROUP   M=C:\XHARBOUR\LIB\RTL.LIB|substr ACBP=A9
 0002:0000CE74 00000054 C=DATA    S=_DATA    G=DGROUP   M=C:\XHARBOUR\LIB\RTL.LIB|tprinter ACBP=A9
 0002:0000CEC8 0000002C C=DATA    S=_DATA    G=DGROUP   M=C:\XHARBOUR\LIB\RTL.LIB|trace ACBP=A9
 0002:0000CEF4 00000044 C=DATA    S=_DATA    G=DGROUP   M=C:\XHARBOUR\LIB\RTL.LIB|transfrm ACBP=A9
 0002:0000CF38 00000010 C=DATA    S=_DATA    G=DGROUP   M=C:\XHARBOUR\LIB\RTL.LIB|trim ACBP=A9
 0002:0000CF48 00000008 C=DATA    S=_DATA    G=DGROUP   M=C:\XHARBOUR\LIB\RTL.LIB|type ACBP=A9
 0002:0000CF50 00000004 C=DATA    S=_DATA    G=DGROUP   M=C:\XHARBOUR\LIB\RTL.LIB|val ACBP=A9
 0002:0000CF54 00000008 C=DATA    S=_DATA    G=DGROUP   M=C:\XHARBOUR\LIB\RTL.LIB|xhelp ACBP=A9
 0002:0000CF5C 00000004 C=DATA    S=_DATA    G=DGROUP   M=C:\XHARBOUR\LIB\RTL.LIB|xsavescr ACBP=A9
 0002:0000CF60 00000D88 C=DATA    S=_DATA    G=DGROUP   M=C:\XHARBOUR\LIB\RTL.LIB|alert ACBP=A9
 0002:0000DCE8 00000C48 C=DATA    S=_DATA    G=DGROUP   M=C:\XHARBOUR\LIB\RTL.LIB|cstr ACBP=A9
 0002:0000E930 00001728 C=DATA    S=_DATA    G=DGROUP   M=C:\XHARBOUR\LIB\RTL.LIB|errorsys ACBP=A9
 0002:00010058 00000ECC C=DATA    S=_DATA    G=DGROUP   M=C:\XHARBOUR\LIB\RTL.LIB|objfunc ACBP=A9
 0002:00010F24 000011B4 C=DATA    S=_DATA    G=DGROUP   M=C:\XHARBOUR\LIB\RTL.LIB|tclass ACBP=A9
 0002:000120D8 00000558 C=DATA    S=_DATA    G=DGROUP   M=C:\XHARBOUR\LIB\RTL.LIB|terror ACBP=A9
 0002:00012630 000007B8 C=DATA    S=_DATA    G=DGROUP   M=C:\XHARBOUR\LIB\RTL.LIB|tobject ACBP=A9
 0002:00012DE8 0000032C C=DATA    S=_DATA    G=DGROUP   M=C:\XHARBOUR\LIB\RTL.LIB|traceprg ACBP=A9
 0002:00013114 000003B8 C=DATA    S=_DATA    G=DGROUP   M=C:\XHARBOUR\LIB\RDD.LIB|dbcmd ACBP=A9
 0002:000134CC 00000050 C=DATA    S=_DATA    G=DGROUP   M=C:\XHARBOUR\LIB\RDD.LIB|workarea ACBP=A9
 0002:0001351C 000001E8 C=DATA    S=_DATA    G=DGROUP   M=C:\XHARBOUR\LIB\RDD.LIB|dbf1 ACBP=A9
 0002:00013704 000001CC C=DATA    S=_DATA    G=DGROUP   M=C:\XHARBOUR\LIB\RDD.LIB|delim1 ACBP=A9
 0002:000138D0 000001C8 C=DATA    S=_DATA    G=DGROUP   M=C:\XHARBOUR\LIB\RDD.LIB|sdf1 ACBP=A9
 0002:00013A98 00000088 C=DATA    S=_DATA    G=DGROUP   M=C:\XHARBOUR\LIB\RDD.LIB|dbf0 ACBP=A9
 0002:00013B20 000003AC C=DATA    S=_DATA    G=DGROUP   M=C:\XHARBOUR\LIB\RDD.LIB|dbfuncs ACBP=A9
 0002:00013ECC 00000094 C=DATA    S=_DATA    G=DGROUP   M=C:\XHARBOUR\LIB\RDD.LIB|delim0 ACBP=A9
 0002:00013F60 00000334 C=DATA    S=_DATA    G=DGROUP   M=C:\XHARBOUR\LIB\RDD.LIB|rddord ACBP=A9
 0002:00014294 000000A8 C=DATA    S=_DATA    G=DGROUP   M=C:\XHARBOUR\LIB\RDD.LIB|rddsys ACBP=A9
 0002:0001433C 00000088 C=DATA    S=_DATA    G=DGROUP   M=C:\XHARBOUR\LIB\RDD.LIB|sdf0 ACBP=A9
 0002:000143C4 00002094 C=DATA    S=_DATA    G=DGROUP   M=C:\XHARBOUR\LIB\MACRO.LIB|macroy ACBP=A9
 0002:00016458 00000038 C=DATA    S=_DATA    G=DGROUP   M=C:\XHARBOUR\LIB\MACRO.LIB|macroa ACBP=A9
 0002:00016490 00000130 C=DATA    S=_DATA    G=DGROUP   M=C:\XHARBOUR\LIB\MACRO.LIB|macrob ACBP=A9
 0002:000165C0 00000A6C C=DATA    S=_DATA    G=DGROUP   M=C:\XHARBOUR\LIB\MACRO.LIB|macroslx ACBP=A9
 0002:0001702C 000002E4 C=DATA    S=_DATA    G=DGROUP   M=C:\XHARBOUR\LIB\DBFNTX.LIB|dbfntx1 ACBP=A9
 0002:00017310 000000A4 C=DATA    S=_DATA    G=DGROUP   M=C:\XHARBOUR\LIB\DBFNTX.LIB|dbfntx0 ACBP=A9
 0002:000173B4 000001E0 C=DATA    S=_DATA    G=DGROUP   M=C:\XHARBOUR\LIB\DBFDBT.LIB|dbfdbt1 ACBP=A9
 0002:00017594 000000A4 C=DATA    S=_DATA    G=DGROUP   M=C:\XHARBOUR\LIB\DBFDBT.LIB|dbfdbt0 ACBP=A9
 0002:00017638 00000008 C=DATA    S=_DATA    G=DGROUP   M=C:\XHARBOUR\LIB\COMMON.LIB|hbfsapi ACBP=A9
 0002:00017640 000000B4 C=DATA    S=_DATA    G=DGROUP   M=C:\XHARBOUR\LIB\COMMON.LIB|hbtrace ACBP=A9
 0002:000176F4 00000404 C=DATA    S=_DATA    G=DGROUP   M=C:\XHARBOUR\LIB\COMMON.LIB|hbver ACBP=A9
 0002:00017AF8 0000015C C=DATA    S=_DATA    G=DGROUP   M=C:\XHARBOUR\LIB\COMMON.LIB|expropt1 ACBP=A9
 0002:00017C54 00000254 C=DATA    S=_DATA    G=DGROUP   M=C:\XHARBOUR\LIB\COMMON.LIB|reserved ACBP=A9
 0002:00017EA8 00000050 C=DATA    S=_DATA    G=DGROUP   M=C:\XHARBOUR\LIB\GTWIN.LIB|gtwin ACBP=A9
 0002:00017EF8 00000004 C=DATA    S=_DATA    G=DGROUP   M=C:\BORLAND\BCC55\LIB\CW32.LIB|virtmem ACBP=A9
 0002:00017EFC 00000098 C=DATA    S=_DATA    G=DGROUP   M=C:\BORLAND\BCC55\LIB\CW32.LIB|hrdir_b ACBP=A9
 0002:00017F94 00000020 C=DATA    S=_DATA    G=DGROUP   M=C:\BORLAND\BCC55\LIB\CW32.LIB|hrdir_s ACBP=A9
 0002:00017FB4 00000040 C=DATA    S=_DATA    G=DGROUP   M=C:\BORLAND\BCC55\LIB\CW32.LIB|heap ACBP=A9
 0002:00017FF4 00000004 C=DATA    S=_DATA    G=DGROUP   M=C:\BORLAND\BCC55\LIB\CW32.LIB|xx_xpf ACBP=A9
 0002:00017FF8 00000330 C=DATA    S=_DATA    G=DGROUP   M=C:\BORLAND\BCC55\LIB\CW32.LIB|xxtype ACBP=A9
 0002:00018318 0000003C C=DATA    S=_DATA    G=DGROUP   M=C:\BORLAND\BCC55\LIB\CW32.LIB|xxut ACBP=A9
 0002:00018354 000000E4 C=DATA    S=_DATA    G=DGROUP   M=C:\BORLAND\BCC55\LIB\CW32.LIB|xxv ACBP=A9
 0002:00018438 00000014 C=DATA    S=_DATA    G=DGROUP   M=C:\BORLAND\BCC55\LIB\CW32.LIB|except ACBP=A9
 0002:0001844C 0000000C C=DATA    S=_DATA    G=DGROUP   M=C:\BORLAND\BCC55\LIB\CW32.LIB|__dup2 ACBP=A9
 0002:00018458 00000004 C=DATA    S=_DATA    G=DGROUP   M=C:\BORLAND\BCC55\LIB\CW32.LIB|_cfinfo ACBP=A9
 0002:0001845C 00000004 C=DATA    S=_DATA    G=DGROUP   M=C:\BORLAND\BCC55\LIB\CW32.LIB|_umask ACBP=A9
 0002:00018460 00000004 C=DATA    S=_DATA    G=DGROUP   M=C:\BORLAND\BCC55\LIB\CW32.LIB|cfinfo ACBP=A9
 0002:00018464 00000004 C=DATA    S=_DATA    G=DGROUP   M=C:\BORLAND\BCC55\LIB\CW32.LIB|fmode ACBP=A9
 0002:00018468 00000004 C=DATA    S=_DATA    G=DGROUP   M=C:\BORLAND\BCC55\LIB\CW32.LIB|fmodeptr ACBP=A9
 0002:0001846C 0000012B C=DATA    S=_DATA    G=DGROUP   M=C:\BORLAND\BCC55\LIB\CW32.LIB|ioerror ACBP=A9
 0002:00018598 0000000C C=DATA    S=_DATA    G=DGROUP   M=C:\BORLAND\BCC55\LIB\CW32.LIB|mkname ACBP=A9
 0002:000185A4 0000047C C=DATA    S=_DATA    G=DGROUP   M=C:\BORLAND\BCC55\LIB\CW32.LIB|perror ACBP=A9
 0002:00018A20 00000076 C=DATA    S=_DATA    G=DGROUP   M=C:\BORLAND\BCC55\LIB\CW32.LIB|vprinter ACBP=A9
 0002:00018A98 00000202 C=DATA    S=_DATA    G=DGROUP   M=C:\BORLAND\BCC55\LIB\CW32.LIB|bigctype ACBP=A9
 0002:00018C9C 00000100 C=DATA    S=_DATA    G=DGROUP   M=C:\BORLAND\BCC55\LIB\CW32.LIB|clower ACBP=A9
 0002:00018D9C 00000100 C=DATA    S=_DATA    G=DGROUP   M=C:\BORLAND\BCC55\LIB\CW32.LIB|cupper ACBP=A9
 0002:00018E9C 00000260 C=DATA    S=_DATA    G=DGROUP   M=C:\BORLAND\BCC55\LIB\CW32.LIB|clocale ACBP=A9
 0002:000190FC 00000010 C=DATA    S=_DATA    G=DGROUP   M=C:\BORLAND\BCC55\LIB\CW32.LIB|_matherr ACBP=A9
 0002:0001910C 000000C0 C=DATA    S=_DATA    G=DGROUP   M=C:\BORLAND\BCC55\LIB\CW32.LIB|_pow10 ACBP=A9
 0002:000191CC 00000068 C=DATA    S=_DATA    G=DGROUP   M=C:\BORLAND\BCC55\LIB\CW32.LIB|cvtfak ACBP=A9
 0002:00019234 00000068 C=DATA    S=_DATA    G=DGROUP   M=C:\BORLAND\BCC55\LIB\CW32.LIB|cvtfakw ACBP=A9
 0002:0001929C 00000004 C=DATA    S=_DATA    G=DGROUP   M=C:\BORLAND\BCC55\LIB\CW32.LIB|deflt87 ACBP=A9
 0002:000192A0 0000000C C=DATA    S=_DATA    G=DGROUP   M=C:\BORLAND\BCC55\LIB\CW32.LIB|exp ACBP=A9
 0002:000192AC 00000012 C=DATA    S=_DATA    G=DGROUP   M=C:\BORLAND\BCC55\LIB\CW32.LIB|f87exp ACBP=A9
 0002:000192C0 00000016 C=DATA    S=_DATA    G=DGROUP   M=C:\BORLAND\BCC55\LIB\CW32.LIB|f87log ACBP=A9
 0002:000192D8 0000007C C=DATA    S=_DATA    G=DGROUP   M=C:\BORLAND\BCC55\LIB\CW32.LIB|hugeval ACBP=A9
 0002:00019354 00000008 C=DATA    S=_DATA    G=DGROUP   M=C:\BORLAND\BCC55\LIB\CW32.LIB|initcvt ACBP=A9
 0002:0001935C 0000000C C=DATA    S=_DATA    G=DGROUP   M=C:\BORLAND\BCC55\LIB\CW32.LIB|log ACBP=A9
 0002:00019368 00000010 C=DATA    S=_DATA    G=DGROUP   M=C:\BORLAND\BCC55\LIB\CW32.LIB|log10 ACBP=A9
 0002:00019378 00000008 C=DATA    S=_DATA    G=DGROUP   M=C:\BORLAND\BCC55\LIB\CW32.LIB|mathptr ACBP=A9
 0002:00019380 00000044 C=DATA    S=_DATA    G=DGROUP   M=C:\BORLAND\BCC55\LIB\CW32.LIB|mathwhy ACBP=A9
 0002:000193C4 0000001C C=DATA    S=_DATA    G=DGROUP   M=C:\BORLAND\BCC55\LIB\CW32.LIB|pow ACBP=A9
 0002:000193E0 00000014 C=DATA    S=_DATA    G=DGROUP   M=C:\BORLAND\BCC55\LIB\CW32.LIB|realcvt ACBP=A9
 0002:000193F4 00000028 C=DATA    S=_DATA    G=DGROUP   M=C:\BORLAND\BCC55\LIB\CW32.LIB|realcvtw ACBP=A9
 0002:0001941C 00000028 C=DATA    S=_DATA    G=DGROUP   M=C:\BORLAND\BCC55\LIB\CW32.LIB|scantod ACBP=A9
 0002:00019444 00000028 C=DATA    S=_DATA    G=DGROUP   M=C:\BORLAND\BCC55\LIB\CW32.LIB|scanwtod ACBP=A9
 0002:0001946C 00000010 C=DATA    S=_DATA    G=DGROUP   M=C:\BORLAND\BCC55\LIB\CW32.LIB|sqrt ACBP=A9
 0002:0001947C 00000048 C=DATA    S=_DATA    G=DGROUP   M=C:\BORLAND\BCC55\LIB\CW32.LIB|mbctype ACBP=A9
 0002:000194C4 00000024 C=DATA    S=_DATA    G=DGROUP   M=C:\BORLAND\BCC55\LIB\CW32.LIB|assert ACBP=A9
 0002:000194E8 00000024 C=DATA    S=_DATA    G=DGROUP   M=C:\BORLAND\BCC55\LIB\CW32.LIB|ermsghlp ACBP=A9
 0002:0001950C 00000004 C=DATA    S=_DATA    G=DGROUP   M=C:\BORLAND\BCC55\LIB\CW32.LIB|errno ACBP=A9
 0002:00019510 00000010 C=DATA    S=_DATA    G=DGROUP   M=C:\BORLAND\BCC55\LIB\CW32.LIB|errormsg ACBP=A9
 0002:00019520 00000028 C=DATA    S=_DATA    G=DGROUP   M=C:\BORLAND\BCC55\LIB\CW32.LIB|platform ACBP=A9
 0002:00019548 00000020 C=DATA    S=_DATA    G=DGROUP   M=C:\BORLAND\BCC55\LIB\CW32.LIB|abort ACBP=A9
 0002:00019568 00000004 C=DATA    S=_DATA    G=DGROUP   M=C:\BORLAND\BCC55\LIB\CW32.LIB|patexit ACBP=A9
 0002:0001956C 0000000C C=DATA    S=_DATA    G=DGROUP   M=C:\BORLAND\BCC55\LIB\CW32.LIB|exit ACBP=A9
 0002:00019578 00000008 C=DATA    S=_DATA    G=DGROUP   M=C:\BORLAND\BCC55\LIB\CW32.LIB|saptr ACBP=A9
 0002:00019580 00000008 C=DATA    S=_DATA    G=DGROUP   M=C:\BORLAND\BCC55\LIB\CW32.LIB|wsaptr ACBP=A9
 0002:00019588 00000054 C=DATA    S=_DATA    G=DGROUP   M=C:\BORLAND\BCC55\LIB\CW32.LIB|setargv ACBP=A9
 0002:000195DC 00000028 C=DATA    S=_DATA    G=DGROUP   M=C:\BORLAND\BCC55\LIB\CW32.LIB|hsargv ACBP=A9
 0002:00019604 00000024 C=DATA    S=_DATA    G=DGROUP   M=C:\BORLAND\BCC55\LIB\CW32.LIB|whsargv ACBP=A9
 0002:00019628 00000004 C=DATA    S=_DATA    G=DGROUP   M=C:\BORLAND\BCC55\LIB\CW32.LIB|srchenv ACBP=A9
 0002:0001962C 00000004 C=DATA    S=_DATA    G=DGROUP   M=C:\BORLAND\BCC55\LIB\CW32.LIB|srchstr ACBP=A9
 0002:00019630 00000004 C=DATA    S=_DATA    G=DGROUP   M=C:\BORLAND\BCC55\LIB\CW32.LIB|wildptr ACBP=A9
 0002:00019634 00000004 C=DATA    S=_DATA    G=DGROUP   M=C:\BORLAND\BCC55\LIB\CW32.LIB|wwildptr ACBP=A9
 0002:00019638 00000020 C=DATA    S=_DATA    G=DGROUP   M=C:\BORLAND\BCC55\LIB\CW32.LIB|setargv0 ACBP=A9
 0002:00019658 00000030 C=DATA    S=_DATA    G=DGROUP   M=C:\BORLAND\BCC55\LIB\CW32.LIB|loadprog ACBP=A9
 0002:00019688 00000054 C=DATA    S=_DATA    G=DGROUP   M=C:\BORLAND\BCC55\LIB\CW32.LIB|setenvp ACBP=A9
 0002:000196DC 0000005E C=DATA    S=_DATA    G=DGROUP   M=C:\BORLAND\BCC55\LIB\CW32.LIB|signal ACBP=A9
 0002:0001973C 00000004 C=DATA    S=_DATA    G=DGROUP   M=C:\BORLAND\BCC55\LIB\CW32.LIB|_cwait ACBP=A9
 0002:00019740 00000004 C=DATA    S=_DATA    G=DGROUP   M=C:\BORLAND\BCC55\LIB\CW32.LIB|globals ACBP=A9
 0002:00019744 00000004 C=DATA    S=_DATA    G=DGROUP   M=C:\BORLAND\BCC55\LIB\CW32.LIB|initexit ACBP=A9
 0002:00019748 000001C4 C=DATA    S=_DATA    G=DGROUP   M=C:\BORLAND\BCC55\LIB\CW32.LIB|timedata ACBP=A9
 0002:0001990C 00000008 C=DATA    S=_DATA    G=DGROUP   M=C:\BORLAND\BCC55\LIB\CW32.LIB|tzdata ACBP=A9
 0002:00019914 00000010 C=DATA    S=_DATA    G=DGROUP   M=C:\BORLAND\BCC55\LIB\CW32.LIB|tzset ACBP=A9
 0002:00019924 00000004 C=DATA    S=_DATA    G=DGROUP   M=C:\BORLAND\BCC55\LIB\CW32.LIB|clock ACBP=A9
 0002:00019928 0000088C C=DATA    S=_DATA    G=DGROUP   M=C:\BORLAND\BCC55\LIB\CW32.LIB|xx ACBP=A9
 0003:00000000 00000498 C=BSS     S=_BSS     G=DGROUP   M=C:\XHARBOUR\LIB\OPTCON.LIB|hvm ACBP=A9
 0003:00000498 00000201 C=BSS     S=_BSS     G=DGROUP   M=C:\XHARBOUR\LIB\OPTCON.LIB|fm ACBP=A9
 0003:0000069C 000015E0 C=BSS     S=_BSS     G=DGROUP   M=C:\BORLAND\BCC55\LIB\BCC640.LIB|files2 ACBP=A9
 0003:00001C7C 00000008 C=BSS     S=_BSS     G=DGROUP   M=C:\XHARBOUR\LIB\VM.LIB|errorapi ACBP=A9
 0003:00001C84 00000048 C=BSS     S=_BSS     G=DGROUP   M=C:\XHARBOUR\LIB\VM.LIB|estack ACBP=A9
 0003:00001CCC 00000018 C=BSS     S=_BSS     G=DGROUP   M=C:\XHARBOUR\LIB\VM.LIB|extend ACBP=A9
 0003:00001CE4 00000189 C=BSS     S=_BSS     G=DGROUP   M=C:\XHARBOUR\LIB\VM.LIB|hbi18n ACBP=A9
 0003:00001E70 00000100 C=BSS     S=_BSS     G=DGROUP   M=C:\XHARBOUR\LIB\RTL.LIB|cdpapi ACBP=A9
 0003:00001F70 00000018 C=BSS     S=_BSS     G=DGROUP   M=C:\XHARBOUR\LIB\RTL.LIB|console ACBP=A9
 0003:00001F88 00000100 C=BSS     S=_BSS     G=DGROUP   M=C:\XHARBOUR\LIB\RTL.LIB|filesys ACBP=A9
 0003:00002088 00000018 C=BSS     S=_BSS     G=DGROUP   M=C:\XHARBOUR\LIB\RTL.LIB|gtapi ACBP=A9
 0003:000020A0 00000018 C=BSS     S=_BSS     G=DGROUP   M=C:\XHARBOUR\LIB\RTL.LIB|inkey ACBP=A9
 0003:000020B8 00000100 C=BSS     S=_BSS     G=DGROUP   M=C:\XHARBOUR\LIB\RTL.LIB|langapi ACBP=A9
 0003:000021B8 00000444 C=BSS     S=_BSS     G=DGROUP   M=C:\XHARBOUR\LIB\RTL.LIB|set ACBP=A9
 0003:000025FC 00000004 C=BSS     S=_BSS     G=DGROUP   M=C:\XHARBOUR\LIB\RTL.LIB|setkey ACBP=A9
 0003:00002600 00000004 C=BSS     S=_BSS     G=DGROUP   M=C:\XHARBOUR\LIB\RTL.LIB|xsavescr ACBP=A9
 0003:00002604 0000017C C=BSS     S=_BSS     G=DGROUP   M=C:\XHARBOUR\LIB\RDD.LIB|dbf1 ACBP=A9
 0003:00002780 0000017C C=BSS     S=_BSS     G=DGROUP   M=C:\XHARBOUR\LIB\RDD.LIB|delim1 ACBP=A9
 0003:000028FC 0000017C C=BSS     S=_BSS     G=DGROUP   M=C:\XHARBOUR\LIB\RDD.LIB|sdf1 ACBP=A9
 0003:00002A78 00000040 C=BSS     S=_BSS     G=DGROUP   M=C:\XHARBOUR\LIB\MACRO.LIB|macroy ACBP=A9
 0003:00002AB8 00008ED4 C=BSS     S=_BSS     G=DGROUP   M=C:\XHARBOUR\LIB\MACRO.LIB|macroslx ACBP=A9
 0003:0000B98C 0000017C C=BSS     S=_BSS     G=DGROUP   M=C:\XHARBOUR\LIB\DBFNTX.LIB|dbfntx1 ACBP=A9
 0003:0000BB08 0000017C C=BSS     S=_BSS     G=DGROUP   M=C:\XHARBOUR\LIB\DBFDBT.LIB|dbfdbt1 ACBP=A9
 0003:0000BC84 00000A60 C=BSS     S=_BSS     G=DGROUP   M=C:\XHARBOUR\LIB\GTWIN.LIB|gtwin ACBP=A9
 0003:0000C6E4 00000008 C=BSS     S=_BSS     G=DGROUP   M=C:\XHARBOUR\LIB\GTWIN.LIB|mousewin ACBP=A9
 0003:0000C6EC 00000018 C=BSS     S=_BSS     G=DGROUP   M=C:\BORLAND\BCC55\LIB\CW32.LIB|hrdir_b ACBP=A9
 0003:0000C704 00000004 C=BSS     S=_BSS     G=DGROUP   M=C:\BORLAND\BCC55\LIB\CW32.LIB|strtok ACBP=A9
 0003:0000C708 00000410 C=BSS     S=_BSS     G=DGROUP   M=C:\BORLAND\BCC55\LIB\CW32.LIB|xxtype ACBP=A9
 0003:0000CB18 00000008 C=BSS     S=_BSS     G=DGROUP   M=C:\BORLAND\BCC55\LIB\CW32.LIB|xxv ACBP=A9
 0003:0000CB20 00000008 C=BSS     S=_BSS     G=DGROUP   M=C:\BORLAND\BCC55\LIB\CW32.LIB|except ACBP=A9
 0003:0000CB28 00000004 C=BSS     S=_BSS     G=DGROUP   M=C:\BORLAND\BCC55\LIB\CW32.LIB|ioerror ACBP=A9
 0003:0000CB2C 0000000F C=BSS     S=_BSS     G=DGROUP   M=C:\BORLAND\BCC55\LIB\CW32.LIB|mkname ACBP=A9
 0003:0000CB3C 00000108 C=BSS     S=_BSS     G=DGROUP   M=C:\BORLAND\BCC55\LIB\CW32.LIB|mbctype ACBP=A9
 0003:0000CC44 00000100 C=BSS     S=_BSS     G=DGROUP   M=C:\BORLAND\BCC55\LIB\CW32.LIB|assert ACBP=A9
 0003:0000CD44 00000019 C=BSS     S=_BSS     G=DGROUP   M=C:\BORLAND\BCC55\LIB\CW32.LIB|ermsghlp ACBP=A9
 0003:0000CD60 00000004 C=BSS     S=_BSS     G=DGROUP   M=C:\BORLAND\BCC55\LIB\CW32.LIB|platform ACBP=A9
 0003:0000CD64 00000008 C=BSS     S=_BSS     G=DGROUP   M=C:\BORLAND\BCC55\LIB\CW32.LIB|qsort ACBP=A9
 0003:0000CD6C 0000000C C=BSS     S=_BSS     G=DGROUP   M=C:\BORLAND\BCC55\LIB\CW32.LIB|setargv ACBP=A9
 0003:0000CD78 00000004 C=BSS     S=_BSS     G=DGROUP   M=C:\BORLAND\BCC55\LIB\CW32.LIB|hsargv ACBP=A9
 0003:0000CD7C 00000004 C=BSS     S=_BSS     G=DGROUP   M=C:\BORLAND\BCC55\LIB\CW32.LIB|whsargv ACBP=A9
 0003:0000CD80 00000010 C=BSS     S=_BSS     G=DGROUP   M=C:\BORLAND\BCC55\LIB\CW32.LIB|setenvp ACBP=A9
 0003:0000CD90 00000200 C=BSS     S=_BSS     G=DGROUP   M=C:\BORLAND\BCC55\LIB\CW32.LIB|_cwait ACBP=A9
 0003:0000CF90 00000040 C=BSS     S=_BSS     G=DGROUP   M=C:\BORLAND\BCC55\LIB\CW32.LIB|globals ACBP=A9
 0003:0000CFD0 00000024 C=BSS     S=_BSS     G=DGROUP   M=C:\BORLAND\BCC55\LIB\CW32.LIB|gmtime ACBP=A9
 0003:0000CFF4 00000008 C=BSS     S=_BSS     G=DGROUP   M=C:\BORLAND\BCC55\LIB\CW32.LIB|tzset ACBP=A9
 0003:0000CFFC 00000010 C=BSS     S=_BSS     G=DGROUP   M=C:\BORLAND\BCC55\LIB\CW32.LIB|xx ACBP=A9
 0004:00000000 0000009C C=TLS     S=_TLS     G=DGROUP   M=C:\BORLAND\BCC55\LIB\CW32.LIB|xxv ACBP=A9

  Address         Publics by Name

 0001:00056C94      @$bdele$qpv
 0001:00056CA4      @$bdla$qpv
 0003:0000C704      @B1142_1
 0003:0000C708      @B1192_2
 0003:0000CB18      @B1196_2
 0003:0000CB20      @B1202_2
 0003:00001C7C      @B125_2
 0003:00001C84      @B127_2
 0003:00001CCC      @B133_2
 0003:00001CE4      @B138_2
 0003:0000CB28      @B1463_2
 0003:0000CB2C      @B1487_2
 0003:00001E70      @B189_2
 0003:00001F70      @B195_2
 0003:0000CB3C      @B2090_2
 0003:0000CC44      @B2226_2
 0003:0000CD44      @B2242_2
 0003:0000CD60      @B2254_2
 0003:0000CD64      @B2258_1
 0003:00001F88      @B225_2
 0003:00000000      @B22_2
 0003:0000CD6C      @B2335_2
 0003:0000CD78      @B2337_2
 0003:0000CD7C      @B2339_2
 0003:00002088      @B239_2
 0003:0000CD80      @B2410_2
 0003:0000CD90      @B2422_2
 0003:0000CF90      @B2432_1
 0003:0000CFD0      @B2457_1
 0003:0000CFF4      @B2471_2
 0003:0000CFFC      @B2527_2
 0003:00000498      @B26_1
 0003:000020A0      @B279_2
 0003:000020B8      @B285_2
 0003:0000069C      @B32_1
 0003:000021B8      @B363_2
 0003:000025FC      @B369_1
 0003:00002600      @B429_2
 0003:00002604      @B565_2
 0003:00002780      @B569_2
 0003:000028FC      @B571_2
 0003:00002A78      @B597_2
 0003:00002AB8      @B605_2
 0003:0000B98C      @B617_2
 0003:0000BB08      @B629_2
 0003:0000BC84      @B653_2
 0003:0000C6E4      @B655_1
 0003:0000C6EC      @B879_2
 0001:0000D5B8      @C104_0
 0001:00057BC4      @C1060_0
 0001:00057BE4      @C1064_0
 0001:00057C08      @C1068_0
 0001:0000F230      @C106_0
 0001:00057C54      @C1070_0
 0001:00057CE0      @C1072_0
 0001:00057CF8      @C1086_0
 0001:00057D34      @C1088_0
 0001:00012000      @C108_0
 0001:00057D88      @C1094_0
 0001:00057DE4      @C1096_0
 0001:00057E54      @C1098_0
 0001:000127B4      @C110_0
 0001:00057E7C      @C1112_0
 0001:00057EE8      @C1118_0
 0001:00057F1C      @C1124_0
 0001:00057F6C      @C1130_0
 0001:00057F98      @C1132_0
 0001:000127CC      @C113_0
 0001:00057FC4      @C1140_0
 0001:00058018      @C1142_0
 0001:00058080      @C1144_0
 0001:000580B8      @C1146_0
 0001:000580D0      @C1148_0
 0001:00012C48      @C115_0
 0001:00058110      @C1188_0
 0001:00058180      @C1192_0
 0001:000582D7      @C1192_3
 0001:00058974      @C1196_0
 0001:00058974      @C1196_4
 0001:00058AC0      @C1198_0
 0001:00058ACC      @C1202_0
 0001:00058C08      @C1202_3
 0001:00058C20      @C1202_4
 0001:00058C48      @C1206_0
 0001:00058C90      @C1208_0
 0001:00058CB4      @C1212_0
 0001:00058CF0      @C1214_0
 0001:00058D50      @C1216_0
 0001:00058D64      @C1218_0
 0001:00058E54      @C1220_0
 0001:00058EDC      @C1222_0
 0001:00059000      @C1224_0
 0001:00059048      @C1226_0
 0001:000590C0      @C1228_0
 0001:000592BC      @C1230_0
 0001:00059458      @C1232_0
 0001:00059654      @C1236_0
 0001:00059770      @C1238_0
 0001:000130AC      @C123_0
 0001:00059784      @C1256_0
 0001:00013744      @C125_0
 0001:000597BC      @C1274_0
 0001:00014B5C      @C127_0
 0001:00059890      @C1280_0
 0001:00015238      @C129_0
 0001:000598F4      @C1308_0
 0001:0005992C      @C1312_0
 0001:00059990      @C1314_0
 0001:00059998      @C1316_0
 0001:00059A18      @C1322_0
 0001:00059AB4      @C1326_0
 0001:00059ABC      @C1330_0
 0001:00015D74      @C133_0
 0001:00059AC4      @C1363_0
 0001:00059ACC      @C1365_0
 0001:00059AD4      @C1367_0
 0001:00059ADC      @C1369_0
 0001:000173E0      @C136_0
 0001:00059B6C      @C1377_0
 0001:00017A18      @C138_0
 0001:00059BEC      @C1397_0
 0001:00059C48      @C1401_0
 0001:00059C6C      @C1406_0
 0001:00059E4C      @C1408_0
 0001:00059E70      @C1414_0
 0001:00059F4C      @C1432_0
 0001:00018A0C      @C143_0
 0001:0005A08C      @C1440_0
 0001:0005A160      @C1448_0
 0001:0005A2A0      @C1463_0
 0001:0005A318      @C1467_0
 0001:0005A320      @C1473_0
 0001:0005A3A0      @C1477_0
 0001:00018A14      @C147_0
 0001:0005A4B0      @C1481_0
 0001:0005A4B8      @C1487_0
 0001:0005A54C      @C1491_0
 0001:0005A55C      @C1497_0
 0001:0001A0FC      @C149_0
 0001:0005A580      @C1507_0
 0001:0001AD88      @C151_0
 0001:0005A588      @C1539_0
 0001:0005A5F4      @C1541_0
 0001:0005A644      @C1551_0
 0001:0001C480      @C155_0
 0001:0005A6BC      @C1563_0
 0001:0005A778      @C1563_1
 0001:0005A7D4      @C1571_0
 0001:0005A7EC      @C1579_0
 0001:0005A808      @C1583_0
 0001:0005A82C      @C1591_0
 0001:0001C4A4      @C159_0
 0001:0001E2D0      @C163_0
 0001:0005B218      @C1647_0
 0001:0001E30C      @C165_0
 0001:0005B220      @C1667_0
 0001:0005B250      @C1669_0
 0001:0005B278      @C1683_0
 0001:0005B2CC      @C1690_0
 0001:0005B3D0      @C1692_0
 0001:0005B4D4      @C1694_0
 0001:0005B518      @C1696_0
 0001:0005B570      @C1734_0
 0001:0005B5C4      @C1736_0
 0001:0005B618      @C1738_0
 0001:0001E7C0      @C173_0
 0001:0001E7C0      @C173_2
 0001:0005B66C      @C1740_0
 0001:0005B6C0      @C1742_0
 0001:0005BB90      @C1792_0
 0001:0005BD90      @C1806_0
 0001:0005BDB0      @C1816_0
 0001:0001E850      @C181_0
 0001:0005BDF8      @C1826_0
 0001:0005BEA8      @C1832_0
 0001:0005C030      @C1851_0
 0001:0005C044      @C1855_0
 0001:0005C0BC      @C1863_0
 0001:0005C0D8      @C1867_0
 0001:0001E94C      @C187_0
 0001:0005C0EC      @C1881_0
 0001:0005C11C      @C1883_0
 0001:0005C134      @C1887_0
 0001:0005C14C      @C1889_0
 0001:0005C164      @C1897_0
 0001:0001EAB8      @C189_0
 0001:0001F490      @C189_3
 0001:0005C1D0      @C1905_0
 0001:0005C2A0      @C1907_0
 0001:0005C2E8      @C1911_0
 0001:0001F49C      @C191_0
 0001:0005C2F8      @C1921_0
 0001:0005C314      @C1925_0
 0001:0005C364      @C1929_0
 0001:0005C37C      @C1935_0
 0001:0005C3A4      @C1937_0
 0001:0005C3D4      @C1939_0
 0001:0005C3F8      @C1941_0
 0001:0005C40C      @C1957_0
 0001:0001F564      @C195_0
 0001:0005C4C0      @C1967_0
 0001:0005C5D8      @C1969_0
 0001:0005C648      @C1971_0
 0001:0005C6B8      @C1977_0
 0001:0005C748      @C1985_0
 0001:0005C7C0      @C1991_0
 0001:0005C7F0      @C1993_0
 0001:00000000      @C1_0
 0001:0005C808      @C2007_0
 0001:0005C9E4      @C2015_0
 0001:0005CA0C      @C2017_0
 0001:0001FF94      @C201_0
 0001:0005CA3C      @C2021_0
 0001:0005CD38      @C2023_0
 0001:0005D06C      @C2028_0
 0001:0005D098      @C2030_0
 0001:0005D57C      @C2032_0
 0001:00020760      @C203_0
 0001:0005DA5C      @C2042_0
 0001:0005DA98      @C2048_0
 0001:00020D88      @C205_0
 0001:0005DB5C      @C2076_0
 0001:0005DE30      @C2078_0
 0001:0005E124      @C2090_0
 0001:0005E250      @C2090_3
 0001:0005E260      @C2092_0
 0001:0005E2A0      @C2094_0
 0001:0005E2BC      @C2112_0
 0001:0005E2D8      @C2124_0
 0001:0005E328      @C2130_0
 0001:0005E380      @C2132_0
 0001:0005E41C      @C2150_0
 0001:0005E470      @C2152_0
 0001:0005E530      @C2174_0
 0001:00020DC8      @C219_0
 0001:00020FE8      @C221_0
 0001:0005E588      @C2226_0
 0001:00021044      @C223_0
 0001:0005E630      @C2242_0
 0001:0005E6E8      @C2246_0
 0001:0005E884      @C2254_0
 0001:0005E884      @C2254_3
 0001:0005E910      @C2258_0
 0001:00021094      @C225_0
 0001:0005EB48      @C2269_0
 0001:0005EB50      @C2273_0
 0001:000003CC      @C22_0
 0001:0005EB74      @C2311_0
 0001:0005EC1C      @C2313_0
 0001:0005EC74      @C2319_0
 0001:0005EC90      @C2321_0
 0001:0005ECA4      @C2323_0
 0001:0005ECB8      @C2329_0
 0001:0005ECE0      @C2335_0
 0001:0005ECE0      @C2335_3
 0001:0005ED68      @C2335_4
 0001:0005EE4C      @C2337_0
 0001:0005F034      @C2339_0
 0001:00021F5C      @C233_0
 0001:0005F25C      @C2367_0
 0001:0005F27C      @C2375_0
 0001:0002203C      @C237_0
 0001:0005F2AC      @C2383_0
 0001:0005F3A4      @C2396_0
 0001:0005F3A4      @C2396_2
 0001:0005F3DC      @C2396_3
 0001:00022078      @C239_0
 0001:0005F3EC      @C2402_0
 0001:0005FA28      @C2410_0
 0001:0005FBA8      @C2410_3
 0001:0005FA28      @C2410_4
 0001:0005FBC8      @C2414_0
 0001:0005FEC0      @C2422_0
 0001:00060060      @C2422_3
 0001:0006006C      @C2433_0
 0001:000601C4      @C2435_0
 0001:00060368      @C2449_0
 0001:000603B8      @C2457_0
 0001:00060564      @C2467_0
 0001:00060808      @C2469_0
 0001:00060808      @C2469_2
 0001:00060810      @C2471_0
 0001:000609D8      @C2473_0
 0001:000609E0      @C2477_0
 0001:000609EC      @C2477_2
 0001:000609F8      @C2483_0
 0001:00008FA4      @C24_0
 0001:00060A98      @C2527_0
 0001:00060A98      @C2527_3
 0001:00023324      @C257_0
 0001:0000CF44      @C26_0
 0001:00023B48      @C277_0
 0001:00023E2C      @C279_0
 0001:00025B2C      @C285_0
 0001:00025DB4      @C287_0
 0001:00025E74      @C289_0
 0001:00025EF4      @C293_0
 0001:000268CC      @C295_0
 0001:000268FC      @C297_0
 0001:00000150      @C2_0
 0001:00000150      @C2_2
 0001:00026A9C      @C301_0
 0001:0000D2CC      @C30_0
 0001:00026FC4      @C313_0
 0001:000273BC      @C331_0
 0001:000274DC      @C335_0
 0001:000275C4      @C337_0
 0001:00028078      @C345_0
 0001:0002DAD8      @C347_0
 0001:0002DC18      @C351_0
 0001:0002DEB4      @C357_0
 0001:0002DFD8      @C361_0
 0001:0002E104      @C363_0
 0001:00030920      @C365_0
 0001:00030A30      @C367_0
 0001:00030A94      @C369_0
 0001:000310A0      @C371_0
 0001:0003112C      @C379_0
 0001:000311B4      @C381_0
 0001:000313AC      @C383_0
 0001:000315B0      @C385_0
 0001:00031920      @C389_0
 0001:00031A04      @C391_0
 0001:00031B14      @C395_0
 0001:00031E3C      @C397_0
 0001:000001D0      @C3_0
 0001:000001D0      @C3_2
 0001:00032014      @C401_0
 0001:000321A0      @C407_0
 0001:00032B70      @C409_0
 0001:00032CB0      @C411_0
 0001:00033FB4      @C413_0
 0001:000341BC      @C415_0
 0001:0003422C      @C417_0
 0001:000343C8      @C421_0
 0001:0003467C      @C427_0
 0001:000346FC      @C429_0
 0001:000347DC      @C435_0
 0001:000347DC      @C435_2
 0001:0003483C      @C449_0
 0001:0003483C      @C449_2
 0001:000348B4      @C465_0
 0001:000348B4      @C465_2
 0001:0000D5A8      @C46_0
 0001:0000D5AC      @C46_2
 0001:00034974      @C489_0
 0001:00034974      @C489_2
 0001:00034B54      @C517_0
 0001:00034B54      @C517_2
 0001:00034D34      @C521_0
 0001:00034D34      @C521_2
 0001:00034DAC      @C535_0
 0001:00034DAC      @C535_2
 0001:00034E84      @C539_0
 0001:00034E84      @C539_2
 0001:00034EB4      @C561_0
 0001:0003B400      @C563_0
 0001:0003C2F0      @C565_0
 0001:0003C2F0      @C565_3
 0001:0003F69C      @C569_0
 0001:0003F69C      @C569_3
 0001:0003F724      @C571_0
 0001:0003F724      @C571_3
 0001:0003F7AC      @C573_0
 0001:0003F7AC      @C573_2
 0001:0003F7F4      @C575_0
 0001:0003F7F4      @C575_2
 0001:0003F944      @C583_0
 0001:0003FFB8      @C589_0
 0001:0003FFB8      @C589_2
 0001:00040000      @C591_0
 0001:00040000      @C591_2
 0001:00040108      @C593_0
 0001:00040108      @C593_2
 0001:00040150      @C595_0
 0001:00040150      @C595_2
 0001:00040198      @C597_0
 0001:00043844      @C599_0
 0001:00043B54      @C601_0
 0001:00048AA8      @C603_0
 0001:000491E4      @C605_0
 0001:0004A9FC      @C617_0
 0001:0004A9FC      @C617_3
 0001:00051B98      @C619_0
 0001:00051B98      @C619_2
 0001:00051BE0      @C629_0
 0001:00051C5C      @C629_3
 0001:00052608      @C631_0
 0001:00052608      @C631_2
 0001:00052650      @C635_0
 0001:00052984      @C637_0
 0001:000529B8      @C641_0
 0001:00052B0C      @C643_0
 0001:00052D24      @C645_0
 0001:000534F0      @C647_0
 0001:00053C28      @C649_0
 0001:00054C64      @C651_0
 0001:00054CC4      @C653_0
 0001:00056BD0      @C655_0
 0001:00056C68      @C847_0
 0001:00056C94      @C849_0
 0001:00056CA4      @C851_0
 0001:00056CB4      @C877_0
 0001:00056DC8      @C879_0
 0001:00056E68      @C885_0
 0001:00056E88      @C887_0
 0001:00056EA0      @C889_0
 0001:00056F3C      @C889_2
 0001:00056F58      @C891_0
 0001:00056F5C      @C895_0
 0001:00057928      @C915_0
 0001:00057BBC      @C917_0
 0001:00057BC0      @C921_0
 0002:0000B108      @D104_1
 0002:0000B3C4      @D106_1
 0002:0000B478      @D113_1
 0002:00017FF4      @D1190_0
 0002:00017FF8      @D1192_1
 0002:00018318      @D1194_1
 0002:00018354      @D1196_1
 0002:00018438      @D1202_1
 0002:0001844C      @D1218_1
 0002:00018458      @D1238_1
 0002:0000B4EC      @D123_1
 0002:0000B4FC      @D125_1
 0002:0000B6C8      @D127_1
 0002:0001845C      @D1292_1
 0002:0000B7D8      @D129_1
 0002:00018460      @D1318_0
 0002:0000B7F4      @D133_1
 0002:0000B7F8      @D136_1
 0002:0000B810      @D138_1
 0002:00018464      @D1399_0
 0002:00018468      @D1401_1
 0002:0001846C      @D1463_1
 0002:0000B8A8      @D147_1
 0002:00018598      @D1487_1
 0002:000185A4      @D1495_1
 0002:0000B924      @D149_1
 0002:0000B948      @D151_1
 0002:00018A20      @D1591_1
 0002:0000B96C      @D159_1
 0002:0000B9C8      @D165_1
 0002:00018A98      @D1671_0
 0002:00018C9C      @D1677_0
 0002:00018D9C      @D1681_0
 0002:00018E9C      @D1700_0
 0002:0000BA90      @D173_1
 0002:0000BBF0      @D181_1
 0002:000190FC      @D1826_1
 0002:0001910C      @D1832_1
 0002:000191CC      @D1887_1
 0002:00019234      @D1889_1
 0002:0001929C      @D1891_0
 0002:000192A0      @D1897_1
 0002:0000BBF4      @D189_1
 0002:000192AC      @D1905_1
 0002:000192C0      @D1907_1
 0002:0000BC38      @D191_1
 0002:000192D8      @D1945_0
 0002:00019354      @D1955_0
 0002:0000BC40      @D195_1
 0002:0001935C      @D1969_1
 0002:00019368      @D1971_1
 0002:00019378      @D1993_1
 0002:00019380      @D1997_0
 0002:00000138      @D1_1
 0002:000193C4      @D2007_1
 0002:0000BC58      @D201_1
 0002:000193E0      @D2021_1
 0002:000193F4      @D2023_1
 0002:0001941C      @D2030_1
 0002:00019444      @D2032_1
 0002:0000BC80      @D203_1
 0002:0001946C      @D2042_1
 0002:0000BCB8      @D205_1
 0002:0001947C      @D2090_1
 0002:000194C4      @D2226_1
 0002:000194E8      @D2242_1
 0002:0001950C      @D2244_1
 0002:00019510      @D2246_1
 0002:00019520      @D2254_1
 0002:0000BCC4      @D225_1
 0002:00019548      @D2273_1
 0002:00019568      @D2275_0
 0002:00004D80      @D22_1
 0002:0001956C      @D2311_1
 0002:00019578      @D2331_0
 0002:00019580      @D2333_0
 0002:00019588      @D2335_1
 0002:000195DC      @D2337_1
 0002:00019604      @D2339_1
 0002:00019628      @D2375_1
 0002:0001962C      @D2383_1
 0002:00019630      @D2392_0
 0002:00019634      @D2394_0
 0002:00019638      @D2396_1
 0002:0000BCD8      @D239_1
 0002:00019658      @D2402_1
 0002:00019688      @D2410_1
 0002:000196DC      @D2414_1
 0002:0001973C      @D2422_1
 0002:00019740      @D2432_0
 0002:00019744      @D2433_1
 0002:00019748      @D2463_0
 0002:0001990C      @D2469_1
 0002:00019914      @D2471_1
 0002:00019924      @D2477_1
 0002:00005878      @D24_1
 0002:00019928      @D2527_1
 0002:0000BCFC      @D257_1
 0002:0000BD1C      @D277_1
 0002:0000BD2C      @D279_1
 0002:0000BD34      @D285_1
 0002:0000BD94      @D287_1
 0002:0000BD9C      @D289_1
 0002:00005AFC      @D28_0
 0002:0000BDA0      @D293_1
 0002:0000BEF4      @D297_1
 0002:000001DC      @D2_1
 0002:0000BEF8      @D301_1
 0002:0000BF00      @D313_1
 0002:00009C9C      @D32_0
 0002:0000BF10      @D331_1
 0002:0000BF14      @D335_1
 0002:0000BF18      @D337_1
 0002:0000BFF8      @D345_1
 0002:0000CD78      @D347_1
 0002:0000CD84      @D351_1
 0002:0000CD90      @D363_1
 0002:0000CE18      @D379_1
 0002:0000CE20      @D383_1
 0002:0000CE48      @D385_1
 0002:0000CE54      @D395_1
 0002:0000CE60      @D397_1
 0002:000003E0      @D3_1
 0002:0000CE6C      @D401_1
 0002:0000CE74      @D407_1
 0002:0000CEC8      @D409_1
 0002:0000CEF4      @D411_1
 0002:0000CF38      @D413_1
 0002:0000CF48      @D415_1
 0002:0000CF50      @D417_1
 0002:0000CF54      @D427_1
 0002:0000CF5C      @D429_1
 0002:0000CF60      @D435_1
 0002:0000DCE8      @D449_1
 0002:0000E930      @D465_1
 0002:0000A790      @D46_1
 0002:00010058      @D489_1
 0002:00010F24      @D517_1
 0002:000120D8      @D521_1
 0002:00012630      @D535_1
 0002:00012DE8      @D539_1
 0002:00013114      @D561_1
 0002:000134CC      @D563_1
 0002:0001351C      @D565_1
 0002:00013704      @D569_1
 0002:000138D0      @D571_1
 0002:00013A98      @D573_1
 0002:00013B20      @D575_1
 0002:00013ECC      @D589_1
 0002:00013F60      @D591_1
 0002:00014294      @D593_1
 0002:0001433C      @D595_1
 0002:000143C4      @D597_1
 0002:00016458      @D599_1
 0002:00016490      @D601_1
 0002:000165C0      @D605_1
 0002:0001702C      @D617_1
 0002:00017310      @D619_1
 0002:000173B4      @D629_1
 0002:00017594      @D631_1
 0002:00017638      @D635_1
 0002:00017640      @D643_1
 0002:000176F4      @D645_1
 0002:00017AF8      @D647_1
 0002:00017C54      @D651_1
 0002:00017EA8      @D653_1
 0002:00017EF8      @D877_1
 0002:00017EFC      @D879_1
 0002:00017F94      @D889_1
 0002:00017FB4      @D895_1
 0001:00000140      @Sysinit@@GetTls$qqrv
 0004:00000000      @T1196_3
 0002:00018404      @_$CHNC$@__call_terminate$qv
 0002:00018320      @_$CHNC$@std@terminate$qv
 0002:00018424      @_$ECTOC$@__call_terminate$qv
 0002:00018340      @_$ECTOC$@std@terminate$qv
 0001:000612C4      @_CatchCleanup$qv
 0001:000588D4      @_InitTermAndUnexPtrs$qv
 0001:0006111D      @_ReThrowException$quipuc
 0001:000610E8      @_ThrowExceptionLDTC$qpvt1t1t1uiuiuipuct1
 0001:00058149      @__ExitExceptBlock
 0001:00058110      @__InitExceptBlockLDTC
 0001:00058858      @__adjustClassAdr$qpvp4tpidt2
 0001:00058748      @__isCompatTypeID$qp4tpidt1ipp4tpid
 0001:0005866C      @__isSameTypeID$qp4tpidt1
 0001:00058634      @__typeIDname$qp4tpid
 0001:0005C37C      @_ftol$qv
 0001:00056D20      @_virt_alloc
 0001:00056D48      @_virt_commit
 0001:00056D94      @_virt_decommit
 0001:00056DAC      @_virt_release
 0001:00056CB4      @_virt_reserve
 0001:00058CAB      @invokeHnd$qv
 0001:00058C90      @jump$qv
 0001:000588FC      @std@terminate$qv
 0001:0005894C      @std@unexpected$qv
 0001:00010310      _ArrayToStructure
 0002:00018FAC      _CLOCALE
 0002:00018E9C      _CMonetary
 0002:00018ED0      _CNumeric
 0002:00018EE8      _CTimeDate
 0001:00023370      _GetOldesFile
 0001:00021F30      _GnuErrtoDosErr
 0001:0000F358      _HB_FUN_AADD
 0001:0000034C      _HB_FUN_ABREBASECUPOM
 0001:00000301      _HB_FUN_ABREFILE
 0001:0000FC58      _HB_FUN_ACLONE
 0001:0000FB38      _HB_FUN_ACOPY
 0001:0000F670      _HB_FUN_ADEL
 0001:0000FA18      _HB_FUN_AEVAL
 0001:0003598C      _HB_FUN_AFIELDS
 0001:0000F748      _HB_FUN_AFILL
 0001:0000037E      _HB_FUN_AGUARDA
 0001:0000F56C      _HB_FUN_AINS
 0001:000347F4      _HB_FUN_ALERT
 0001:00035BB0      _HB_FUN_ALIAS
 0001:00034120      _HB_FUN_ALLTRIM
 0001:000002E8      _HB_FUN_ANULACUPOM
 0001:0000F2AC      _HB_FUN_ARRAY
 0001:0001F4F4      _HB_FUN_ASC
 0001:0000F964      _HB_FUN_ASCAN
 0001:0000F488      _HB_FUN_ASIZE
 0001:0001271C      _HB_FUN_ASORT
 0001:0001E850      _HB_FUN_AT
 0001:0000F548      _HB_FUN_ATAIL
 0001:00035EE8      _HB_FUN_BOF
 0001:000127B4      _HB_FUN_BREAK
 0001:00000284      _HB_FUN_CANCELACAIXA
 0001:00000207      _HB_FUN_CANCELARECEBER
 0001:0001F49C      _HB_FUN_CHR
 0001:0001E808      _HB_FUN_CLIPINIT
 0001:0001E7D8      _HB_FUN_CLIPPER520
 0001:0001E7F0      _HB_FUN_CLIPPER530
 0001:00031104      _HB_FUN_COL
 0001:00030980      _HB_FUN_COLORSELECT
 0001:00034854      _HB_FUN_CSTR
 0001:0003486C      _HB_FUN_CSTRTOVAL
 0001:00020760      _HB_FUN_CTOD
 0001:00027A70      _HB_FUN_CURDIR
 0001:00027B48      _HB_FUN_CURDIRX
 0001:00000365      _HB_FUN_DATAEMISSAO
 0001:00020CB4      _HB_FUN_DATE
 0001:00020C1C      _HB_FUN_DAY
 0001:00035F24      _HB_FUN_DBAPPEND
 0001:0003F80C      _HB_FUN_DBCLEARFIL
 0001:00035F94      _HB_FUN_DBCLEARFILTER
 0001:00040048      _HB_FUN_DBCLEARINDEX
 0001:0003F8CC      _HB_FUN_DBCLEARREL
 0001:000398C0      _HB_FUN_DBCLEARRELATION
 0001:00035FC4      _HB_FUN_DBCLOSEALL
 0001:0003F86C      _HB_FUN_DBCLOSEARE
 0001:00035FCC      _HB_FUN_DBCLOSEAREA
 0001:00035FDC      _HB_FUN_DBCOMMIT
 0001:00036008      _HB_FUN_DBCOMMITALL
 0001:000360D8      _HB_FUN_DBCREATE
 0001:00040018      _HB_FUN_DBCREATEINDEX
 0001:000366D4      _HB_FUN_DBDELETE
 0001:0003A40C      _HB_FUN_DBDROP
 0001:00035C30      _HB_FUN_DBEVAL
 0001:0003A49C      _HB_FUN_DBEXISTS
 0001:00035E74      _HB_FUN_DBF
 0001:00052638      _HB_FUN_DBFDBT
 0001:00052620      _HB_FUN_DBFDBTINIT
 0001:00051BE4      _HB_FUN_DBFDBT_GETFUNCTABLE
 0001:0003F8FC      _HB_FUN_DBFIELDINF
 0001:0003A070      _HB_FUN_DBFIELDINFO
 0001:0003A208      _HB_FUN_DBFILEGET
 0001:0003A318      _HB_FUN_DBFILEPUT
 0001:00036700      _HB_FUN_DBFILTER
 0001:00051BC8      _HB_FUN_DBFNTX
 0001:00051BB0      _HB_FUN_DBFNTXINIT
 0001:00051AE4      _HB_FUN_DBFNTX_GETFUNCTABLE
 0001:0003F630      _HB_FUN_DBF_GETFUNCTABLE
 0001:00036760      _HB_FUN_DBGOBOTTOM
 0001:0003678C      _HB_FUN_DBGOTO
 0001:000367F4      _HB_FUN_DBGOTOP
 0001:00039EB0      _HB_FUN_DBINFO
 0001:0003F914      _HB_FUN_DBORDERINF
 0001:00039F5C      _HB_FUN_DBORDERINFO
 0001:00036F34      _HB_FUN_DBRECALL
 0001:0003F92C      _HB_FUN_DBRECORDIN
 0001:0003A14C      _HB_FUN_DBRECORDINFO
 0001:00040060      _HB_FUN_DBREINDEX
 0001:00039838      _HB_FUN_DBRELATION
 0001:00036F60      _HB_FUN_DBRLOCK
 0001:0003F854      _HB_FUN_DBRLOCKLIS
 0001:0003701C      _HB_FUN_DBRLOCKLIST
 0001:00039880      _HB_FUN_DBRSELECT
 0001:0003706C      _HB_FUN_DBRUNLOCK
 0001:000370A8      _HB_FUN_DBSEEK
 0001:0003F89C      _HB_FUN_DBSELECTAR
 0001:000371C0      _HB_FUN_DBSELECTAREA
 0001:0003F824      _HB_FUN_DBSETDRIVE
 0001:000395B4      _HB_FUN_DBSETDRIVER
 0001:0003F8E4      _HB_FUN_DBSETFILTE
 0001:00037344      _HB_FUN_DBSETFILTER
 0001:00040030      _HB_FUN_DBSETINDEX
 0001:00040078      _HB_FUN_DBSETORDER
 0001:0003F83C      _HB_FUN_DBSETRELAT
 0001:000398D8      _HB_FUN_DBSETRELATION
 0001:000373DC      _HB_FUN_DBSKIP
 0001:0003B288      _HB_FUN_DBSKIPPER
 0001:0003742C      _HB_FUN_DBSTRUCT
 0001:00037530      _HB_FUN_DBTABLEEXT
 0001:0003769C      _HB_FUN_DBUNLOCK
 0001:0003F8B4      _HB_FUN_DBUNLOCKAL
 0001:000376D0      _HB_FUN_DBUNLOCKALL
 0001:00037704      _HB_FUN_DBUSEAREA
 0001:0003AFAC      _HB_FUN_DBUSEAREAD
 0001:00037A60      _HB_FUN_DELETED
 0001:0003F6B8      _HB_FUN_DELIM_GETFUNCTABLE
 0001:0001FCC4      _HB_FUN_DEVOUT
 0001:0001FC48      _HB_FUN_DEVPOS
 0001:0002203C      _HB_FUN_DISPBEGIN
 0001:0001E94C      _HB_FUN_DISPBOX
 0001:0002204C      _HB_FUN_DISPCOUNT
 0001:00022044      _HB_FUN_DISPEND
 0001:0001FD88      _HB_FUN_DISPOUT
 0001:0001FE78      _HB_FUN_DISPOUTAT
 0001:000137D0      _HB_FUN_DOSERROR
 0001:00020CF0      _HB_FUN_DOW
 0001:00020A30      _HB_FUN_DTOC
 0001:00020A9C      _HB_FUN_DTOS
 0001:00020DC8      _HB_FUN_EMPTY
 0001:00037A9C      _HB_FUN_EOF
 0001:00013760      _HB_FUN_ERRORBLOCK
 0001:0000869C      _HB_FUN_ERRORLEVEL
 0001:00034D4C      _HB_FUN_ERRORNEW
 0001:000348CC      _HB_FUN_ERRORSYS
 0001:00026630      _HB_FUN_EXP
 0001:0002785C      _HB_FUN_FCLOSE
 0001:00037AD8      _HB_FUN_FCOUNT
 0001:00027640      _HB_FUN_FCREATE
 0001:000278B8      _HB_FUN_FERASE
 0001:0002782C      _HB_FUN_FERROR
 0001:00000239      _HB_FUN_FGRAVAMOEDA
 0001:00037B08      _HB_FUN_FIELDDEC
 0001:00037B70      _HB_FUN_FIELDGET
 0001:00037BDC      _HB_FUN_FIELDLEN
 0001:00037C44      _HB_FUN_FIELDNAME
 0001:00037CD8      _HB_FUN_FIELDPOS
 0001:00037D64      _HB_FUN_FIELDPUT
 0001:00037DB0      _HB_FUN_FIELDTYPE
 0001:00021044      _HB_FUN_FILE
 0001:00037E1C      _HB_FUN_FLOCK
 0001:000275C4      _HB_FUN_FOPEN
 0001:00037E84      _HB_FUN_FOUND
 0001:00027720      _HB_FUN_FREAD
 0001:000279D8      _HB_FUN_FREADSTR
 0001:000278FC      _HB_FUN_FRENAME
 0001:00027960      _HB_FUN_FSEEK
 0001:000277AC      _HB_FUN_FWRITE
 0001:00032498      _HB_FUN_GETDEFAULTPRINTER
 0001:000327E0      _HB_FUN_GETPRINTERS
 0001:00000184      _HB_FUN_GRAVARINFORMACOES
 0001:00034B6C      _HB_FUN_HBCLASS
 0001:0001FF8C      _HB_FUN_HBCONSOLELOCK
 0001:0001FF90      _HB_FUN_HBCONSOLEUNLOCK
 0001:00034DC4      _HB_FUN_HBOBJECT
 0001:0000FCC4      _HB_FUN_HB_AEXPRESSIONS
 0001:0000FC94      _HB_FUN_HB_APARAMS
 0001:00012AE4      _HB_FUN_HB_ARGC
[...]
 0001:0005C364      @C1929_0
 0001:0005C37C      @C1935_0
 0001:0005C37C      @_ftol$qv
 0001:0005C37C      __ftol
 0001:0005C3A4      @C1937_0
 0001:0005C3A4      __fuildq
 0001:0005C3D4      __fuistq
 0001:0005C3D4      @C1939_0
 0001:0005C3F8      __fxam
 0001:0005C3F8      @C1941_0
 0001:0005C40C      @C1957_0
 0001:0005C40C      ___int64toa
 0001:0005C4C0      ___ldtrunc
 0001:0005C4C0      @C1967_0
 0001:0005C5D8      _log
 0001:0005C5D8      @C1969_0
 0001:0005C5D8      ___org_log
 0001:0005C648      _log10
 0001:0005C648      @C1971_0
 0001:0005C648      ___org_log10
 0001:0005C6B8      @C1977_0
 0001:0005C6B8      ___longtoa
 0001:0005C72C      ___utoa
 0001:0005C748      ___org_itoa
 0001:0005C748      _itoa
 0001:0005C748      @C1985_0
 0001:0005C778      ___org_ultoa
 0001:0005C778      _ultoa
 0001:0005C798      __ltoa
 0001:0005C7C0      __matherrl
 0001:0005C7C0      ___org__matherrl
 0001:0005C7C0      @C1991_0
 0001:0005C7F0      __initmatherr
 0001:0005C7F0      @C1993_0
 0001:0005C808      _pow
 0001:0005C808      @C2007_0
 0001:0005C808      ___org_pow
 0001:0005C9E4      @C2015_0
 0001:0005C9E4      __qdiv10
 0001:0005CA0C      @C2017_0
 0001:0005CA0C      __qmul10
 0001:0005CA3C      @C2021_0
 0001:0005CD20      __cvt_init
 0001:0005CD38      @C2023_0
 0001:0005D054      __cvt_initw
 0001:0005D06C      @C2028_0
 0001:0005D06C      __round
 0001:0005D098      @C2030_0
 0001:0005D564      __scan_init
 0001:0005D57C      @C2032_0
 0001:0005DA44      __scan_initw
 0001:0005DA5C      @C2042_0
 0001:0005DA5C      _sqrt
 0001:0005DA5C      ___org_sqrt
 0001:0005DA98      @C2048_0
 0001:0005DAC0      __strtold
 0001:0005DAC0      ___org__strtold
 0001:0005DB28      ___org_strtod
 0001:0005DB28      _strtod
 0001:0005DB5C      @C2076_0
 0001:0005DB5C      ___xcvt
 0001:0005DE30      @C2078_0
 0001:0005DE30      ___xcvtw
 0001:0005E124      __setmbcp
 0001:0005E124      @C2090_0
 0001:0005E248      __getmbcp
 0001:0005E250      @C2090_3
 0001:0005E250      __initMBCSTable
 0001:0005E260      @C2092_0
 0001:0005E260      __ismbcalpha
 0001:0005E2A0      @C2094_0
 0001:0005E2A0      __ismbcdigit
 0001:0005E2BC      __ismbcspace
 0001:0005E2BC      @C2112_0
 0001:0005E2D8      __mbschr
 0001:0005E2D8      @C2124_0
 0001:0005E328      __mbsdec
 0001:0005E328      @C2130_0
 0001:0005E380      __mbsicmp
 0001:0005E380      @C2132_0
 0001:0005E41C      @C2150_0
 0001:0005E41C      __mbsnbcpy
 0001:0005E470      @C2152_0
 0001:0005E470      __mbsnbicmp
 0001:0005E530      __mbsrchr
 0001:0005E530      @C2174_0
 0001:0005E588      @C2226_0
 0001:0005E5D0      __assert
 0001:0005E630      @C2242_0
 0001:0005E680      __ErrorMessageHelper
 0001:0005E6E8      @C2246_0
 0001:0005E740      __ErrorMessage
 0001:0005E85C      ___ErrorMessage
 0001:0005E86C      __ErrorExit
 0001:0005E884      @C2254_0
 0001:0005E884      @C2254_3
 0001:0005E910      @C2258_0
 0001:0005EB1C      _qsort
 0001:0005EB1C      ___org_qsort
 0001:0005EB48      ___org_cwait
 0001:0005EB48      _cwait
 0001:0005EB48      @C2269_0
 0001:0005EB50      @C2273_0
 0001:0005EB50      __abort
 0001:0005EB64      _abort
 0001:0005EB74      @C2311_0
 0001:0005EBCC      _exit
 0001:0005EBE4      __exit
 0001:0005EBFC      __cexit
 0001:0005EC0C      __c_exit
 0001:0005EC1C      ___org_getenv
 0001:0005EC1C      @C2313_0
 0001:0005EC1C      _getenv
 0001:0005EC74      @C2319_0
 0001:0005EC74      __init_wild_handlers
 0001:0005EC90      @C2321_0
 0001:0005EC90      __argv_default_expand
 0001:0005ECA4      @C2323_0
 0001:0005ECA4      __wargv_default_expand
 0001:0005ECB8      @C2329_0
 0001:0005ECB8      __init_setargv_handlers
 0001:0005ECE0      @C2335_0
 0001:0005ECE0      __setargv
 0001:0005ECE0      @C2335_3
 0001:0005ED68      __exitargv
 0001:0005ED68      @C2335_4
 0001:0005EE4C      @C2337_0
 0001:0005EE4C      __handle_setargv
 0001:0005EFA4      __handle_exitargv
 0001:0005F034      __handle_wsetargv
 0001:0005F034      @C2339_0
 0001:0005F1C8      __handle_wexitargv
 0001:0005F25C      _spawnvp
 0001:0005F25C      ___org_spawnvp
 0001:0005F25C      @C2367_0
 0001:0005F27C      ___org__searchenv
 0001:0005F27C      __searchenv
 0001:0005F27C      @C2375_0
 0001:0005F2AC      @C2383_0
 0001:0005F2AC      __searchstr
 0001:0005F2AC      ___org__searchstr
 0001:0005F3A4      @C2396_0
 0001:0005F3A4      @C2396_2
 0001:0005F3DC      @C2396_3
 0001:0005F3EC      __dummy_add_pid
 0001:0005F3EC      @C2402_0
 0001:0005F5FC      __LoadProg
 0001:0005FA28      @C2410_4
 0001:0005FA28      @C2410_0
 0001:0005FA5C      __expandblock
 0001:0005FBA8      @C2410_3
 0001:0005FBC8      @C2414_0
 0001:0005FDF0      _signal
 0001:0005FE50      _raise
 0001:0005FE50      ___org_raise
 0001:0005FEC0      @C2422_0
 0001:0005FEC0      _add_pid
 0001:0005FF04      __cwait
 0001:00060060      @C2422_3
 0001:0006006C      @C2433_0
 0001:0006006C      __terminate
 0001:0006007C      __create_shmem
 0001:00060084      __init_exit_proc
 0001:00060158      __cleanup
 0001:000601C4      @C2435_0
 0001:000601C4      __startup
 0001:00060368      @C2449_0
 0001:00060368      ___CRTL_TLS_Alloc
 0001:00060370      ___CRTL_TLS_Free
 0001:00060380      ___CRTL_TLS_GetValue
 0001:00060390      ___CRTL_TLS_SetValue
 0001:000603A4      ___CRTL_TLS_InitThread
 0001:000603AC      ___CRTL_TLS_ExitThread
 0001:000603B4      ___CRTL_TLS_GetInfo
 0001:000603B8      @C2457_0
 0001:00060524      _gmtime
 0001:00060524      ___org_gmtime
 0001:0006053C      ___org_localtime
 0001:0006053C      _localtime
 0001:00060564      @C2467_0
 0001:00060564      __isDST
 0001:00060678      __totalsec
 0001:00060808      @C2469_0
 0001:00060808      @C2469_2
 0001:00060810      __tzset
 0001:00060810      @C2471_0
 0001:000609D8      @C2473_0
 0001:000609D8      _tzset
 0001:000609E0      @C2477_0
 0001:000609E0      _clock
 0001:000609EC      @C2477_2
 0001:000609F8      @C2483_0
 0001:000609F8      _ftime
 0001:000609F8      ___org_ftime
 0001:00060A98      @C2527_3
 0001:00060A98      @C2527_0
 0001:00060AC3      ___JumpToCatch__
 0001:00060D2D      ___raiseDebuggerException
 0001:000610E8      @_ThrowExceptionLDTC$qpvt1t1t1uiuiuipuct1
 0001:0006111D      @_ReThrowException$quipuc
 0001:00061188      __Global_unwind
 0001:000612C4      @_CatchCleanup$qv
 0001:000617F4      __Local_unwind
 0001:00061807      __Return_unwind
 0001:00061868      ____ExceptionHandler
 0001:000625E6      __CurrExcContext
 0002:00000138      @D1_1
 0002:0000017C      ___isGUI
 0002:000001B4      ___isVCLPackage
 0002:000001B5      ___isDLL
 0002:000001C2      ___useDynamicTLS
 0002:000001C3      __TLS_index
 0002:000001C7      __TLS_index4
 0002:000001CB      __hInstance
 0002:000001D0      ___CPPdebugHook
 0002:000001D0      ___CPPdebugHook_segment
 0002:000001D4      __PackageInfoTable
 0002:000001DC      @D2_1
 0002:000003E0      @D3_1
 0002:00004D80      _hb_bTracePrgCalls
 0002:00004D80      @D22_1
 0002:00004D84      _hb_symEval
 0002:00004D9C      _hb_vm_iExtraParamsIndex
 0002:00004DA0      _hb_vm_iExtraElementsIndex
 0002:00004DA4      _hb_vm_iExtraElements
 0002:00004DA8      _hb_vm_sNull
 0002:00004DAC      _hb_vm_acAscii
 0002:000051AC      _hb_vm_bWithObject
 0002:000051B0      _hb_vm_wEnumCollectionCounter
 0002:00005878      @D24_1
 0002:00005AFC      @D28_0
 0002:00005AFC      __streams
 0002:00009C9C      @D32_0
 0002:00009C9C      __nfile
 0002:00009CA0      __openfd
 0002:0000A790      @D46_1
 0002:0000B108      @D104_1
 0002:0000B3C4      @D106_1
 0002:0000B478      _b_MouseEnable
 0002:0000B478      @D113_1
 0002:0000B4EC      @D123_1
 0002:0000B4FC      @D125_1
 0002:0000B6C8      @D127_1
 0002:0000B7D8      @D129_1
 0002:0000B7F4      @D133_1
 0002:0000B7F8      @D136_1
 0002:0000B810      @D138_1
 0002:0000B8A8      @D147_1
 0002:0000B924      @D149_1
 0002:0000B948      @D151_1
 0002:0000B948      _hb_comp_bShortCuts
 0002:0000B96C      @D159_1
 0002:0000B9C8      @D165_1
 0002:0000BA90      @D173_1
 0002:0000BBF0      @D181_1
 0002:0000BBF4      @D189_1
 0002:0000BC2C      _s_cdpage
 0002:0000BC38      @D191_1
 0002:0000BC40      @D195_1
 0002:0000BC58      @D201_1
 0002:0000BC80      @D203_1
 0002:0000BCB8      @D205_1
 0002:0000BCC4      @D225_1
 0002:0000BCD8      @D239_1
 0002:0000BCFC      @D257_1
 0002:0000BD1C      @D277_1
 0002:0000BD28      _hb_vm_bCollectGarbage
 0002:0000BD2C      @D279_1
 0002:0000BD34      @D285_1
 0002:0000BD94      @D287_1
 0002:0000BD9C      @D289_1
 0002:0000BDA0      @D293_1
 0002:0000BEF4      @D297_1
 0002:0000BEF8      @D301_1
 0002:0000BF00      @D313_1
 0002:0000BF10      @D331_1
 0002:0000BF14      @D335_1
 0002:0000BF18      @D337_1
 0002:0000BFF8      @D345_1
 0002:0000C160      _pcre_malloc
 0002:0000C164      _pcre_free
 0002:0000CD78      @D347_1
 0002:0000CD84      @D351_1
 0002:0000CD90      @D363_1
 0002:0000CE18      @D379_1
 0002:0000CE20      @D383_1
 0002:0000CE48      @D385_1
 0002:0000CE54      @D395_1
 0002:0000CE60      @D397_1
 0002:0000CE6C      @D401_1
 0002:0000CE74      @D407_1
 0002:0000CEC8      @D409_1
 0002:0000CEF4      @D411_1
 0002:0000CF38      @D413_1
 0002:0000CF48      @D415_1
 0002:0000CF50      @D417_1
 0002:0000CF54      @D427_1
 0002:0000CF5C      @D429_1
 0002:0000CF60      @D435_1
 0002:0000DCE8      @D449_1
 0002:0000E930      @D465_1
 0002:00010058      @D489_1
 0002:00010F24      @D517_1
 0002:000120D8      @D521_1
 0002:00012630      @D535_1
 0002:00012DE8      @D539_1
 0002:00013114      @D561_1
 0002:000134CC      @D563_1
 0002:0001351C      @D565_1
 0002:00013704      @D569_1
 0002:000138D0      @D571_1
 0002:00013A98      @D573_1
 0002:00013B20      @D575_1
 0002:00013ECC      @D589_1
 0002:00013F60      @D591_1
 0002:00014294      @D593_1
 0002:0001433C      @D595_1
 0002:000143C4      @D597_1
 0002:00016458      @D599_1
 0002:00016490      @D601_1
 0002:00016490      _hb_comp_ExprTable
 0002:000165C0      @D605_1
 0002:000165E8      _yytext
 0002:000166A0      _aPairs
 0002:0001702C      @D617_1
 0002:00017310      @D619_1
 0002:000173B4      @D629_1
 0002:00017594      @D631_1
 0002:00017638      @D635_1
 0002:00017640      @D643_1
 0002:00017640      _hb_tr_file_
 0002:00017644      _hb_tr_line_
 0002:00017648      _hb_tr_level_
 0002:000176F4      @D645_1
 0002:00017AF8      @D647_1
 0002:00017C54      @D651_1
 0002:00017EA8      @D653_1
 0002:00017EF8      @D877_1
 0002:00017EFC      @D879_1
 0002:00017F94      @D889_1
 0002:00017F98      __heap_redirector
 0002:00017FB4      __virt_heap_size
 0002:00017FB4      @D895_1
 0002:00017FB8      __virt_chunk_size
 0002:00017FBC      __virt_chunk_size2
 0002:00017FC0      __nv_heap_size
 0002:00017FC4      __smalloc_threshold
 0002:00017FC8      __virt_chunk_free
 0002:00017FCC      __virt_chunk_free2
 0002:00017FD0      __firstHeap
 0002:00017FD4      __lastHeap
 0002:00017FD8      __linktable
 0002:00017FDC      __freeStart
 0002:00017FE8      __rover
 0002:00017FF0      ___allocated
 0002:00017FF4      ___xxPersonality
 0002:00017FF4      @D1190_0
 0002:00017FF8      @D1192_1
 0002:00018318      @D1194_1
 0002:00018318      ___terminatePTR
 0002:0001831C      ___unexpectdPTR
 0002:00018320      @_$CHNC$@std@terminate$qv
 0002:00018340      @_$ECTOC$@std@terminate$qv
 0002:00018354      @D1196_1
 0002:00018354      ___CPPexceptionList
 0002:00018358      ___exceptFlags
 0002:0001835C      ___throwFileName
 0002:00018360      ___throwLineNumber
 0002:00018364      ___throwExceptionName
 0002:00018368      ___exceptStaticBuffP
 0002:0001836C      ___exceptMemAllocVars
 0002:00018370      ___ExceptStaticXbuff
 0002:000183F0      __ExceptVarsSize
 0002:00018404      @_$CHNC$@__call_terminate$qv
 0002:00018424      @_$ECTOC$@__call_terminate$qv
 0002:00018438      __stkchk
 0002:00018438      @D1202_1
 0002:0001844C      @D1218_1
 0002:00018458      __cfinfo_get
 0002:00018458      @D1238_1
 0002:0001845C      @D1292_1
 0002:0001845C      __notUmask
 0002:00018460      __fileinfo
 0002:00018460      @D1318_0
 0002:00018464      __fmode
 0002:00018464      @D1399_0
 0002:00018468      @D1401_1
 0002:00018468      __fmodeptr
 0002:0001846C      __dosErrorToSV
 0002:0001846C      @D1463_1
 0002:00018598      @D1487_1
 0002:000185A4      __sys_errlist
 0002:000185A4      @D1495_1
 0002:00018668      __sys_nerr
 0002:00018A20      @D1591_1
 0002:00018A98      __chartype
 0002:00018A98      @D1671_0
 0002:00018C9C      @D1677_0
 0002:00018C9C      __lower
 0002:00018D9C      __upper
 0002:00018D9C      @D1681_0
 0002:00018E9C      _CMonetary
 0002:00018E9C      @D1700_0
 0002:00018ED0      _CNumeric
 0002:00018EE8      _CTimeDate
 0002:00018FAC      _CLOCALE
 0002:00018FD8      ___locale
 0002:000190FC      @D1826_1
 0002:0001910C      @D1832_1
 0002:000191CC      @D1887_1
 0002:000191CC      __realcvtptr
 0002:000191D0      __nextrealptr
 0002:000191D4      __scantodptr
 0002:000191D8      __scanrsltptr
 0002:00019234      @D1889_1
 0002:00019234      __realcvtwptr
 0002:00019238      __nextrealwptr
 0002:0001923C      __scanwtodptr
 0002:00019240      __scanwrsltptr
 0002:0001929C      __default87
 0002:0001929C      @D1891_0
 0002:000192A0      @D1897_1
 0002:000192AC      @D1905_1
 0002:000192C0      @D1907_1
 0002:000192D8      __huge_flt
 0002:000192D8      @D1945_0
 0002:000192DC      __huge_dble
 0002:000192E4      __huge_ldble
 0002:000192EE      __max_flt
 0002:000192F2      __max_dble
 0002:000192FA      __max_ldble
 0002:00019304      __indefinite
 0002:00019308      __tiny_ldble
 0002:00019314      ___ieee_64_p_inf
 0002:0001931C      ___ieee_64_n_inf
 0002:00019324      ___ieee_64_p_nanq
 0002:0001932C      ___ieee_64_n_nanq
 0002:00019334      ___ieee_64_p_nans
 0002:0001933C      ___ieee_64_n_nans
 0002:00019344      ___ieee_64_p_zero
 0002:0001934C      ___ieee_64_n_zero
 0002:00019354      @D1955_0
 0002:00019354      __turboFloat
 0002:00019358      __floatconvert
 0002:0001935C      @D1969_1
 0002:00019368      @D1971_1
 0002:00019378      @D1993_1
 0002:00019378      __pmatherr
 0002:0001937C      __pmatherrl
 0002:00019380      __mathwhy
 0002:00019380      @D1997_0
 0002:000193C4      @D2007_1
 0002:000193E0      @D2021_1
 0002:000193F4      @D2023_1
 0002:0001941C      @D2030_1
 0002:00019444      @D2032_1
 0002:0001946C      @D2042_1
 0002:0001947C      __kalpha
 0002:0001947C      @D2090_1
 0002:0001947E      __kpunct
 0002:000194C4      @D2226_1
 0002:000194E8      @D2242_1
 0002:0001950C      _errno
 0002:0001950C      @D2244_1
 0002:00019510      __messagefunc
 0002:00019510      @D2246_1
 0002:00019514      __messagefile
 0002:00019520      @D2254_1
 0002:00019548      @D2273_1
 0002:00019568      @D2275_0
 0002:00019568      ___pCallAtExitProcs
 0002:0001956C      @D2311_1
 0002:0001956C      __exitbuf
 0002:00019570      __exitfopen
 0002:00019574      __exitopen
 0002:00019578      @D2331_0
 0002:00019578      __setargv_ptr
 0002:0001957C      __exitargv_ptr
 0002:00019580      __wsetargv_ptr
 0002:00019580      @D2333_0
 0002:00019584      __wexitargv_ptr
 0002:00019588      @D2335_1
 0002:00019588      __setargv__
 0002:000195DC      __cmdline_escapes
 0002:000195DC      @D2337_1
 0002:00019604      @D2339_1
 0002:00019628      @D2375_1
 0002:0001962C      @D2383_1
 0002:00019630      __argv_expand_ptr
 0002:00019630      @D2392_0
 0002:00019634      @D2394_0
 0002:00019634      __wargv_expand_ptr
 0002:00019638      __argv0
 0002:00019638      @D2396_1
 0002:00019658      __add_pid_ptr
 0002:00019658      @D2402_1
 0002:00019688      @D2410_1
 0002:00019688      __setenvp__
 0002:000196DC      @D2414_1
 0002:0001973C      @D2422_1
 0002:00019740      @D2432_0
 0002:00019740      __isWindows
 0002:00019744      @D2433_1
 0002:00019748      @D2463_0
 0002:00019748      __SWeekday
 0002:00019764      __LWeekday
 0002:00019780      __SMonth
 0002:000197B0      __LMonth
 0002:000197E0      __AmPm
 0002:000197E8      __Days
 0002:000197F4      __YDays
 0002:0001990C      @D2469_1
 0002:0001990C      __timezone
 0002:00019910      __daylight
 0002:00019914      @D2471_1
 0002:00019914      __tzname
 0002:00019924      @D2477_1
 0002:00019928      @D2527_1
 0002:00019928      ___debuggerDisableTerminateCallback
 0003:00000000      @B22_2
 0003:0000002C      _hb_vm_aiExtraParams
 0003:0000006C      _hb_vm_apExtraParamsSymbol
 0003:000000AC      _hb_vm_aiExtraElements
 0003:000000EC      _hb_vm_iExtraIndex
 0003:000000F0      _hb_vm_aWithObject
 0003:00000270      _hb_vm_wWithObjectCounter
 0003:00000274      _hb_vm_aEnumCollection
 0003:000003F4      _hb_vm_apEnumVar
 0003:00000434      _hb_vm_awEnumIndex
 0003:00000498      @B26_1
 0003:0000069C      @B32_1
 0003:0000069C      __pidtab
 0003:0000118C      __handles
 0003:00001C7C      @B125_2
 0003:00001C84      @B127_2
 0003:00001C84      _hb_stack
 0003:00001CCC      @B133_2
 0003:00001CE4      @B138_2
 0003:00001E70      @B189_2
 0003:00001F70      @B195_2
 0003:00001F88      @B225_2
 0003:00002088      @B239_2
 0003:000020A0      @B279_2
 0003:000020B8      @B285_2
 0003:000021B8      _hb_set
 0003:000021B8      @B363_2
 0003:000023F8      _s_PrintFileName
 0003:000024F8      _s_PrinterName
 0003:000025F8      _s_HaveSetPrinterName
 0003:000025FC      @B369_1
 0003:00002600      @B429_2
 0003:00002604      @B565_2
 0003:00002780      @B569_2
 0003:000028FC      @B571_2
 0003:00002A78      @B597_2
 0003:00002AB8      @B605_2
 0003:00007374      _yyleng
 0003:00007380      _yyin
 0003:0000B98C      @B617_2
 0003:0000BB08      @B629_2
 0003:0000BC84      @B653_2
 0003:0000C6E0      _s_mouseLast
 0003:0000C6E4      @B655_1
 0003:0000C6E4      _hb_mouse_iCol
 0003:0000C6E8      _hb_mouse_iRow
 0003:0000C6EC      __bormm_pfn_FreeMem
 0003:0000C6EC      @B879_2
 0003:0000C6F0      __bormm_pfn_GetMem
 0003:0000C6F4      __bormm_pfn_ReallocMem
 0003:0000C6F8      __bormm_pfn_HeapAddRef
 0003:0000C6FC      __bormm_pfn_HeapRelease
 0003:0000C704      @B1142_1
 0003:0000C708      @B1192_2
 0003:0000CB18      __DestructorCountPtr
 0003:0000CB18      @B1196_2
 0003:0000CB20      __HandlerPtr
 0003:0000CB20      @B1202_2
 0003:0000CB24      __UserHandlerPtr
 0003:0000CB28      @B1463_2
 0003:0000CB28      __doserrno
 0003:0000CB2C      @B1487_2
 0003:0000CB2C      __tmpnum
 0003:0000CB3C      __mbctype
 0003:0000CB3C      @B2090_2
 0003:0000CC40      __mbcsCodePage
 0003:0000CC44      @B2226_2
 0003:0000CD44      @B2242_2
 0003:0000CD60      __ostype
 0003:0000CD60      @B2254_2
 0003:0000CD64      @B2258_1
 0003:0000CD6C      @B2335_2
 0003:0000CD6C      __argv
 0003:0000CD78      @B2337_2
 0003:0000CD7C      @B2339_2
 0003:0000CD80      @B2410_2
 0003:0000CD80      __environ
 0003:0000CD88      __envsize
 0003:0000CD8C      __env_lock
 0003:0000CD90      @B2422_2
 0003:0000CF90      __C0argc
 0003:0000CF90      @B2432_1
 0003:0000CF94      __C0argv
 0003:0000CF98      __C0environ
 0003:0000CF9C      __oscmd
 0003:0000CFA0      __osenv
 0003:0000CFA4      __argc
 0003:0000CFA8      __dll_table
 0003:0000CFB0      __ExcRegPtr
 0003:0000CFB4      __wosenv
 0003:0000CFB8      __woscmd
 0003:0000CFBC      __wC0argv
 0003:0000CFC0      __wC0environ
 0003:0000CFC4      __exe_table
 0003:0000CFCC      __stkbase
 0003:0000CFD0      @B2457_1
 0003:0000CFF4      @B2471_2
 0003:0000CFFC      @B2527_2
 0003:0000D000      ___pCPPdebugHook
 0004:00000000      @T1196_3
 0004:00000000      ___xxInfo
